Component: ARM Compiler 5.06 update 5 (build 528) Tool: armlink [4d35e2]

==============================================================================

Section Cross References

    startup_stm32f10x_md.o(STACK) refers (Special) to heapauxi.o(.text) for __use_two_region_memory
    startup_stm32f10x_md.o(HEAP) refers (Special) to heapauxi.o(.text) for __use_two_region_memory
    startup_stm32f10x_md.o(RESET) refers (Special) to heapauxi.o(.text) for __use_two_region_memory
    startup_stm32f10x_md.o(RESET) refers to startup_stm32f10x_md.o(STACK) for __initial_sp
    startup_stm32f10x_md.o(RESET) refers to startup_stm32f10x_md.o(.text) for Reset_Handler
    startup_stm32f10x_md.o(RESET) refers to stm32f10x_it.o(i.NMI_Handler) for NMI_Handler
    startup_stm32f10x_md.o(RESET) refers to stm32f10x_it.o(i.HardFault_Handler) for HardFault_Handler
    startup_stm32f10x_md.o(RESET) refers to stm32f10x_it.o(i.MemManage_Handler) for MemManage_Handler
    startup_stm32f10x_md.o(RESET) refers to stm32f10x_it.o(i.BusFault_Handler) for BusFault_Handler
    startup_stm32f10x_md.o(RESET) refers to stm32f10x_it.o(i.UsageFault_Handler) for UsageFault_Handler
    startup_stm32f10x_md.o(RESET) refers to stm32f10x_it.o(i.SVC_Handler) for SVC_Handler
    startup_stm32f10x_md.o(RESET) refers to stm32f10x_it.o(i.DebugMon_Handler) for DebugMon_Handler
    startup_stm32f10x_md.o(RESET) refers to stm32f10x_it.o(i.PendSV_Handler) for PendSV_Handler
    startup_stm32f10x_md.o(RESET) refers to stm32f10x_it.o(i.SysTick_Handler) for SysTick_Handler
    startup_stm32f10x_md.o(RESET) refers to encounter.o(i.TIM2_IRQHandler) for TIM2_IRQHandler
    startup_stm32f10x_md.o(RESET) refers to encounter.o(i.TIM4_IRQHandler) for TIM4_IRQHandler
    startup_stm32f10x_md.o(RESET) refers to control.o(i.EXTI15_10_IRQHandler) for EXTI15_10_IRQHandler
    startup_stm32f10x_md.o(.text) refers (Special) to heapauxi.o(.text) for __use_two_region_memory
    startup_stm32f10x_md.o(.text) refers to system_stm32f10x.o(i.SystemInit) for SystemInit
    startup_stm32f10x_md.o(.text) refers to __main.o(!!!main) for __main
    startup_stm32f10x_md.o(.text) refers to startup_stm32f10x_md.o(HEAP) for Heap_Mem
    startup_stm32f10x_md.o(.text) refers to startup_stm32f10x_md.o(STACK) for Stack_Mem
    system_stm32f10x.o(i.SetSysClock) refers to system_stm32f10x.o(i.SetSysClockTo72) for SetSysClockTo72
    system_stm32f10x.o(i.SystemCoreClockUpdate) refers to system_stm32f10x.o(.data) for SystemCoreClock
    system_stm32f10x.o(i.SystemInit) refers to system_stm32f10x.o(i.SetSysClock) for SetSysClock
    stm32f10x_adc.o(i.ADC_DeInit) refers to stm32f10x_rcc.o(i.RCC_APB2PeriphResetCmd) for RCC_APB2PeriphResetCmd
    stm32f10x_bkp.o(i.BKP_DeInit) refers to stm32f10x_rcc.o(i.RCC_BackupResetCmd) for RCC_BackupResetCmd
    stm32f10x_can.o(i.CAN_DeInit) refers to stm32f10x_rcc.o(i.RCC_APB1PeriphResetCmd) for RCC_APB1PeriphResetCmd
    stm32f10x_can.o(i.CAN_GetITStatus) refers to stm32f10x_can.o(i.CheckITStatus) for CheckITStatus
    stm32f10x_cec.o(i.CEC_DeInit) refers to stm32f10x_rcc.o(i.RCC_APB1PeriphResetCmd) for RCC_APB1PeriphResetCmd
    stm32f10x_dac.o(i.DAC_DeInit) refers to stm32f10x_rcc.o(i.RCC_APB1PeriphResetCmd) for RCC_APB1PeriphResetCmd
    stm32f10x_flash.o(i.FLASH_EnableWriteProtection) refers to stm32f10x_flash.o(i.FLASH_WaitForLastOperation) for FLASH_WaitForLastOperation
    stm32f10x_flash.o(i.FLASH_EraseAllBank1Pages) refers to stm32f10x_flash.o(i.FLASH_WaitForLastBank1Operation) for FLASH_WaitForLastBank1Operation
    stm32f10x_flash.o(i.FLASH_EraseAllPages) refers to stm32f10x_flash.o(i.FLASH_WaitForLastOperation) for FLASH_WaitForLastOperation
    stm32f10x_flash.o(i.FLASH_EraseOptionBytes) refers to stm32f10x_flash.o(i.FLASH_GetReadOutProtectionStatus) for FLASH_GetReadOutProtectionStatus
    stm32f10x_flash.o(i.FLASH_EraseOptionBytes) refers to stm32f10x_flash.o(i.FLASH_WaitForLastOperation) for FLASH_WaitForLastOperation
    stm32f10x_flash.o(i.FLASH_ErasePage) refers to stm32f10x_flash.o(i.FLASH_WaitForLastOperation) for FLASH_WaitForLastOperation
    stm32f10x_flash.o(i.FLASH_ProgramHalfWord) refers to stm32f10x_flash.o(i.FLASH_WaitForLastOperation) for FLASH_WaitForLastOperation
    stm32f10x_flash.o(i.FLASH_ProgramOptionByteData) refers to stm32f10x_flash.o(i.FLASH_WaitForLastOperation) for FLASH_WaitForLastOperation
    stm32f10x_flash.o(i.FLASH_ProgramWord) refers to stm32f10x_flash.o(i.FLASH_WaitForLastOperation) for FLASH_WaitForLastOperation
    stm32f10x_flash.o(i.FLASH_ReadOutProtection) refers to stm32f10x_flash.o(i.FLASH_WaitForLastOperation) for FLASH_WaitForLastOperation
    stm32f10x_flash.o(i.FLASH_UserOptionByteConfig) refers to stm32f10x_flash.o(i.FLASH_WaitForLastOperation) for FLASH_WaitForLastOperation
    stm32f10x_flash.o(i.FLASH_WaitForLastBank1Operation) refers to stm32f10x_flash.o(i.FLASH_GetBank1Status) for FLASH_GetBank1Status
[...]
    i.get_accel_prod_shift                   0x080033bc   Section        0  inv_mpu.o(i.get_accel_prod_shift)
    get_accel_prod_shift                     0x080033bd   Thumb Code   168  inv_mpu.o(i.get_accel_prod_shift)
    i.get_st_biases                          0x08003470   Section        0  inv_mpu.o(i.get_st_biases)
    get_st_biases                            0x08003471   Thumb Code  1132  inv_mpu.o(i.get_st_biases)
    i.gyro_self_test                         0x080038e0   Section        0  inv_mpu.o(i.gyro_self_test)
    gyro_self_test                           0x080038e1   Thumb Code   256  inv_mpu.o(i.gyro_self_test)
    i.i2cRead                                0x080039f0   Section        0  ioi2c.o(i.i2cRead)
    i.i2cWrite                               0x08003a66   Section        0  ioi2c.o(i.i2cWrite)
    i.inv_orientation_matrix_to_scalar       0x08003ac6   Section        0  mpu6050.o(i.inv_orientation_matrix_to_scalar)
    inv_orientation_matrix_to_scalar         0x08003ac7   Thumb Code    40  mpu6050.o(i.inv_orientation_matrix_to_scalar)
    i.inv_row_2_scale                        0x08003aee   Section        0  mpu6050.o(i.inv_row_2_scale)
    inv_row_2_scale                          0x08003aef   Thumb Code    78  mpu6050.o(i.inv_row_2_scale)
    i.main                                   0x08003b3c   Section        0  main.o(i.main)
    i.mpu_configure_fifo                     0x08003b44   Section        0  inv_mpu.o(i.mpu_configure_fifo)
    i.mpu_get_accel_fsr                      0x08003bb4   Section        0  inv_mpu.o(i.mpu_get_accel_fsr)
    i.mpu_get_accel_sens                     0x08003c00   Section        0  inv_mpu.o(i.mpu_get_accel_sens)
    i.mpu_get_fifo_config                    0x08003c54   Section        0  inv_mpu.o(i.mpu_get_fifo_config)
    i.mpu_get_gyro_fsr                       0x08003c64   Section        0  inv_mpu.o(i.mpu_get_gyro_fsr)
    i.mpu_get_gyro_sens                      0x08003ca8   Section        0  inv_mpu.o(i.mpu_get_gyro_sens)
    i.mpu_get_lpf                            0x08003cf8   Section        0  inv_mpu.o(i.mpu_get_lpf)
    i.mpu_get_sample_rate                    0x08003d48   Section        0  inv_mpu.o(i.mpu_get_sample_rate)
    i.mpu_init                               0x08003d68   Section        0  inv_mpu.o(i.mpu_init)
    i.mpu_load_firmware                      0x08003ef8   Section        0  inv_mpu.o(i.mpu_load_firmware)
    i.mpu_lp_accel_mode                      0x08003fb0   Section        0  inv_mpu.o(i.mpu_lp_accel_mode)
    i.mpu_read_fifo_stream                   0x08004090   Section        0  inv_mpu.o(i.mpu_read_fifo_stream)
    i.mpu_read_mem                           0x08004150   Section        0  inv_mpu.o(i.mpu_read_mem)
    i.mpu_reset_fifo                         0x080041d0   Section        0  inv_mpu.o(i.mpu_reset_fifo)
    i.mpu_run_self_test                      0x0800438c   Section        0  inv_mpu.o(i.mpu_run_self_test)
    i.mpu_set_accel_fsr                      0x080044a8   Section        0  inv_mpu.o(i.mpu_set_accel_fsr)
    i.mpu_set_bypass                         0x0800452c   Section        0  inv_mpu.o(i.mpu_set_bypass)
    i.mpu_set_dmp_state                      0x08004678   Section        0  inv_mpu.o(i.mpu_set_dmp_state)
    i.mpu_set_gyro_fsr                       0x08004708   Section        0  inv_mpu.o(i.mpu_set_gyro_fsr)
    i.mpu_set_int_latched                    0x08004790   Section        0  inv_mpu.o(i.mpu_set_int_latched)
    i.mpu_set_lpf                            0x080047fc   Section        0  inv_mpu.o(i.mpu_set_lpf)
    i.mpu_set_sample_rate                    0x08004880   Section        0  inv_mpu.o(i.mpu_set_sample_rate)
    i.mpu_set_sensors                        0x0800491c   Section        0  inv_mpu.o(i.mpu_set_sensors)
    i.mpu_write_mem                          0x080049ec   Section        0  inv_mpu.o(i.mpu_write_mem)
    i.myget_ms                               0x08004a6c   Section        0  inv_mpu.o(i.myget_ms)
    i.run_self_test                          0x08004a6e   Section        0  mpu6050.o(i.run_self_test)
    run_self_test                            0x08004a6f   Thumb Code   144  mpu6050.o(i.run_self_test)
    i.set_int_enable                         0x08004b00   Section        0  inv_mpu.o(i.set_int_enable)
    set_int_enable                           0x08004b01   Thumb Code   138  inv_mpu.o(i.set_int_enable)
    i.sqrt                                   0x08004b90   Section        0  sqrt.o(i.sqrt)
    i.test_main                              0x08004bdc   Section        0  main.o(i.test_main)
    x$fpl$d2f                                0x08004d30   Section       98  d2f.o(x$fpl$d2f)
    x$fpl$dadd                               0x08004d94   Section      336  daddsub_clz.o(x$fpl$dadd)
    _dadd1                                   0x08004da5   Thumb Code     0  daddsub_clz.o(x$fpl$dadd)
    x$fpl$dcheck1                            0x08004ee4   Section       16  dcheck1.o(x$fpl$dcheck1)
    x$fpl$ddiv                               0x08004ef4   Section      688  ddiv.o(x$fpl$ddiv)
    ddiv_entry                               0x08004efb   Thumb Code     0  ddiv.o(x$fpl$ddiv)
    x$fpl$dflt                               0x080051a4   Section       46  dflt_clz.o(x$fpl$dflt)
    x$fpl$dmul                               0x080051d4   Section      340  dmul.o(x$fpl$dmul)
    x$fpl$dnaninf                            0x08005328   Section      156  dnaninf.o(x$fpl$dnaninf)
    x$fpl$dretinf                            0x080053c4   Section       12  dretinf.o(x$fpl$dretinf)
    x$fpl$drsb                               0x080053d0   Section       22  daddsub_clz.o(x$fpl$drsb)
    x$fpl$dsqrt                              0x080053e8   Section      460  dsqrt_noumaal.o(x$fpl$dsqrt)
    x$fpl$dsub                               0x080055b4   Section      468  daddsub_clz.o(x$fpl$dsub)
    _dsub1                                   0x080055c5   Thumb Code     0  daddsub_clz.o(x$fpl$dsub)
    x$fpl$f2d                                0x08005788   Section       86  f2d.o(x$fpl$f2d)
    x$fpl$fadd                               0x080057e0   Section      196  faddsub_clz.o(x$fpl$fadd)
    _fadd1                                   0x080057ef   Thumb Code     0  faddsub_clz.o(x$fpl$fadd)
    x$fpl$fcmpinf                            0x080058a4   Section       24  fcmpi.o(x$fpl$fcmpinf)
    x$fpl$fdiv                               0x080058bc   Section      388  fdiv.o(x$fpl$fdiv)
    _fdiv1                                   0x080058bd   Thumb Code     0  fdiv.o(x$fpl$fdiv)
    x$fpl$feqf                               0x08005a40   Section      104  feqf.o(x$fpl$feqf)
    x$fpl$ffix                               0x08005aa8   Section       54  ffix.o(x$fpl$ffix)
    x$fpl$ffixu                              0x08005ae0   Section       62  ffixu.o(x$fpl$ffixu)
    x$fpl$fflt                               0x08005b20   Section       48  fflt_clz.o(x$fpl$fflt)
    x$fpl$ffltu                              0x08005b50   Section       38  fflt_clz.o(x$fpl$ffltu)
    x$fpl$fleqf                              0x08005b78   Section      104  fleqf.o(x$fpl$fleqf)
    x$fpl$fmul                               0x08005be0   Section      258  fmul.o(x$fpl$fmul)
    x$fpl$fnaninf                            0x08005ce2   Section      140  fnaninf.o(x$fpl$fnaninf)
    x$fpl$fretinf                            0x08005d6e   Section       10  fretinf.o(x$fpl$fretinf)
    x$fpl$frleqf                             0x08005d78   Section       98  frleqf.o(x$fpl$frleqf)
    x$fpl$frsb                               0x08005dda   Section       20  faddsub_clz.o(x$fpl$frsb)
    x$fpl$fsub                               0x08005df0   Section      234  faddsub_clz.o(x$fpl$fsub)
    _fsub1                                   0x08005dff   Thumb Code     0  faddsub_clz.o(x$fpl$fsub)
    x$fpl$retnan                             0x08005eda   Section      100  retnan.o(x$fpl$retnan)
    x$fpl$scalbn                             0x08005f3e   Section       92  scalbn.o(x$fpl$scalbn)
    x$fpl$trapveneer                         0x08005f9a   Section       48  trapv.o(x$fpl$trapveneer)
    .constdata                               0x08005fca   Section     1520  oled.o(.constdata)
    x$fpl$usenofp                            0x08005fca   Section        0  usenofp.o(x$fpl$usenofp)
    .constdata                               0x080065bc   Section       80  inv_mpu.o(.constdata)
    .constdata                               0x0800660c   Section     3062  inv_mpu_dmp_motion_driver.o(.constdata)
    dmp_memory                               0x0800660c   Data        3062  inv_mpu_dmp_motion_driver.o(.constdata)
    .constdata                               0x08007208   Section       80  asin.o(.constdata)
    pS                                       0x08007208   Data          48  asin.o(.constdata)
    qS                                       0x08007238   Data          32  asin.o(.constdata)
    .constdata                               0x08007258   Section      152  atan.o(.constdata)
    atanhi                                   0x08007258   Data          32  atan.o(.constdata)
    atanlo                                   0x08007278   Data          32  atan.o(.constdata)
    aTodd                                    0x08007298   Data          40  atan.o(.constdata)
    aTeven                                   0x080072c0   Data          48  atan.o(.constdata)
    .constdata                               0x080072f0   Section        8  qnan.o(.constdata)
    .data                                    0x20000000   Section        4  encounter.o(.data)
    temp                                     0x20000000   Data           2  encounter.o(.data)
    temp                                     0x20000002   Data           2  encounter.o(.data)
    .data                                    0x20000004   Section        3  key.o(.data)
    .data                                    0x20000008   Section       23  mpu6050.o(.data)
    gyro_orientation                         0x20000016   Data           9  mpu6050.o(.data)
    .data                                    0x20000020   Section       44  inv_mpu.o(.data)
    st                                       0x20000020   Data          44  inv_mpu.o(.data)
    .data                                    0x2000004c   Section        8  motor.o(.data)
    Speed                                    0x2000004c   Data           4  motor.o(.data)
    Speed                                    0x20000050   Data           4  motor.o(.data)
    .data                                    0x20000054   Section       72  control.o(.data)
    count_5ms                                0x20000098   Data           4  control.o(.data)
    .bss                                     0x2000009c   Section       16  inv_mpu_dmp_motion_driver.o(.bss)
    dmp                                      0x2000009c   Data          16  inv_mpu_dmp_motion_driver.o(.bss)
    .bss                                     0x200000ac   Section       96  libspace.o(.bss)
    HEAP                                     0x20000110   Section      512  startup_stm32f10x_md.o(HEAP)
    Heap_Mem                                 0x20000110   Data         512  startup_stm32f10x_md.o(HEAP)
    STACK                                    0x20000310   Section     1024  startup_stm32f10x_md.o(STACK)
    Stack_Mem                                0x20000310   Data        1024  startup_stm32f10x_md.o(STACK)
    __initial_sp                             0x20000710   Data           0  startup_stm32f10x_md.o(STACK)

    Global Symbols

    Symbol Name                              Value     Ov Type        Size  Object(Section)

    BuildAttributes$$THM_ISAv4$P$D$K$B$S$PE$A:L22UL41UL21$X:L11$S22US41US21$IEEE1$IW$USESV6$~STKCKD$USESV7$~SHL$OTIME$ROPI$IEEEX$EBA8$UX$STANDARDLIB$REQ8$PRES8$EABIv2 0x00000000   Number         0  anon$$obj.o ABSOLUTE
    __ARM_use_no_argv                        0x00000000   Number         0  main.o ABSOLUTE
    __ARM_exceptions_init                     - Undefined Weak Reference
    __alloca_initialize                       - Undefined Weak Reference
    __arm_preinit_                            - Undefined Weak Reference
    __cpp_initialize__aeabi_                  - Undefined Weak Reference
    __cxa_finalize                            - Undefined Weak Reference
    __rt_locale                               - Undefined Weak Reference
    __sigvec_lookup                           - Undefined Weak Reference
    _atexit_init                              - Undefined Weak Reference
    _call_atexit_fns                          - Undefined Weak Reference
    _clock_init                               - Undefined Weak Reference
    _fp_trap_init                             - Undefined Weak Reference
    _fp_trap_shutdown                         - Undefined Weak Reference
    _get_lc_collate                           - Undefined Weak Reference
    _get_lc_ctype                             - Undefined Weak Reference
    _get_lc_monetary                          - Undefined Weak Reference
    _get_lc_numeric                           - Undefined Weak Reference
    _get_lc_time                              - Undefined Weak Reference
    _getenv_init                              - Undefined Weak Reference
    _handle_redirection                       - Undefined Weak Reference
    _init_alloc                               - Undefined Weak Reference
    _init_user_alloc                          - Undefined Weak Reference
    _initio                                   - Undefined Weak Reference
    _rand_init                                - Undefined Weak Reference
    _signal_finish                            - Undefined Weak Reference
    _signal_init                              - Undefined Weak Reference
    _terminate_alloc                          - Undefined Weak Reference
    _terminate_user_alloc                     - Undefined Weak Reference
    _terminateio                              - Undefined Weak Reference
    __Vectors_Size                           0x000000ec   Number         0  startup_stm32f10x_md.o ABSOLUTE
    __Vectors                                0x08000000   Data           4  startup_stm32f10x_md.o(RESET)
    __Vectors_End                            0x080000ec   Data           0  startup_stm32f10x_md.o(RESET)
    __main                                   0x080000ed   Thumb Code     8  __main.o(!!!main)
    __scatterload                            0x080000f5   Thumb Code     0  __scatter.o(!!!scatter)
    __scatterload_rt2                        0x080000f5   Thumb Code    44  __scatter.o(!!!scatter)
    __scatterload_rt2_thumb_only             0x080000f5   Thumb Code     0  __scatter.o(!!!scatter)
    __scatterload_null                       0x08000103   Thumb Code     0  __scatter.o(!!!scatter)
    __scatterload_copy                       0x08000129   Thumb Code    26  __scatter_copy.o(!!handler_copy)
    __scatterload_zeroinit                   0x08000145   Thumb Code    28  __scatter_zi.o(!!handler_zi)
    __rt_lib_init                            0x08000161   Thumb Code     0  libinit.o(.ARM.Collect$$libinit$$00000000)
    __rt_lib_init_alloca_1                   0x08000163   Thumb Code     0  libinit2.o(.ARM.Collect$$libinit$$0000002E)
    __rt_lib_init_argv_1                     0x08000163   Thumb Code     0  libinit2.o(.ARM.Collect$$libinit$$0000002C)
    __rt_lib_init_atexit_1                   0x08000163   Thumb Code     0  libinit2.o(.ARM.Collect$$libinit$$0000001B)
    __rt_lib_init_clock_1                    0x08000163   Thumb Code     0  libinit2.o(.ARM.Collect$$libinit$$00000021)
    __rt_lib_init_cpp_1                      0x08000163   Thumb Code     0  libinit2.o(.ARM.Collect$$libinit$$00000032)
    __rt_lib_init_exceptions_1               0x08000163   Thumb Code     0  libinit2.o(.ARM.Collect$$libinit$$00000030)
    __rt_lib_init_fp_1                       0x08000163   Thumb Code     0  libinit2.o(.ARM.Collect$$libinit$$00000002)
    __rt_lib_init_fp_trap_1                  0x08000163   Thumb Code     0  libinit2.o(.ARM.Collect$$libinit$$0000001F)
    __rt_lib_init_getenv_1                   0x08000163   Thumb Code     0  libinit2.o(.ARM.Collect$$libinit$$00000023)
    __rt_lib_init_heap_1                     0x08000163   Thumb Code     0  libinit2.o(.ARM.Collect$$libinit$$0000000A)
    __rt_lib_init_lc_collate_1               0x08000163   Thumb Code     0  libinit2.o(.ARM.Collect$$libinit$$00000011)
    __rt_lib_init_lc_ctype_1                 0x08000163   Thumb Code     0  libinit2.o(.ARM.Collect$$libinit$$00000013)
    __rt_lib_init_lc_monetary_1              0x08000163   Thumb Code     0  libinit2.o(.ARM.Collect$$libinit$$00000015)
    __rt_lib_init_lc_numeric_1               0x08000163   Thumb Code     0  libinit2.o(.ARM.Collect$$libinit$$00000017)
    __rt_lib_init_lc_time_1                  0x08000163   Thumb Code     0  libinit2.o(.ARM.Collect$$libinit$$00000019)
    __rt_lib_init_preinit_1                  0x08000163   Thumb Code     0  libinit2.o(.ARM.Collect$$libinit$$00000004)
    __rt_lib_init_rand_1                     0x08000163   Thumb Code     0  libinit2.o(.ARM.Collect$$libinit$$0000000E)
    __rt_lib_init_return                     0x08000163   Thumb Code     0  libinit2.o(.ARM.Collect$$libinit$$00000033)
    __rt_lib_init_signal_1                   0x08000163   Thumb Code     0  libinit2.o(.ARM.Collect$$libinit$$0000001D)
    __rt_lib_init_stdio_1                    0x08000163   Thumb Code     0  libinit2.o(.ARM.Collect$$libinit$$00000025)
    __rt_lib_init_user_alloc_1               0x08000163   Thumb Code     0  libinit2.o(.ARM.Collect$$libinit$$0000000C)
    __rt_lib_shutdown                        0x08000165   Thumb Code     0  libshutdown.o(.ARM.Collect$$libshutdown$$00000000)
    __rt_lib_shutdown_cpp_1                  0x08000167   Thumb Code     0  libshutdown2.o(.ARM.Collect$$libshutdown$$00000002)
    __rt_lib_shutdown_fp_trap_1              0x08000167   Thumb Code     0  libshutdown2.o(.ARM.Collect$$libshutdown$$00000007)
    __rt_lib_shutdown_heap_1                 0x08000167   Thumb Code     0  libshutdown2.o(.ARM.Collect$$libshutdown$$0000000F)
    __rt_lib_shutdown_return                 0x08000167   Thumb Code     0  libshutdown2.o(.ARM.Collect$$libshutdown$$00000010)
    __rt_lib_shutdown_signal_1               0x08000167   Thumb Code     0  libshutdown2.o(.ARM.Collect$$libshutdown$$0000000A)
    __rt_lib_shutdown_stdio_1                0x08000167   Thumb Code     0  libshutdown2.o(.ARM.Collect$$libshutdown$$00000004)
    __rt_lib_shutdown_user_alloc_1           0x08000167   Thumb Code     0  libshutdown2.o(.ARM.Collect$$libshutdown$$0000000C)
    __rt_entry                               0x08000169   Thumb Code     0  __rtentry.o(.ARM.Collect$$rtentry$$00000000)
    __rt_entry_presh_1                       0x08000169   Thumb Code     0  __rtentry2.o(.ARM.Collect$$rtentry$$00000002)
    __rt_entry_sh                            0x08000169   Thumb Code     0  __rtentry4.o(.ARM.Collect$$rtentry$$00000004)
    __rt_entry_li                            0x0800016f   Thumb Code     0  __rtentry2.o(.ARM.Collect$$rtentry$$0000000A)
    __rt_entry_postsh_1                      0x0800016f   Thumb Code     0  __rtentry2.o(.ARM.Collect$$rtentry$$00000009)
    __rt_entry_main                          0x08000173   Thumb Code     0  __rtentry2.o(.ARM.Collect$$rtentry$$0000000D)
    __rt_entry_postli_1                      0x08000173   Thumb Code     0  __rtentry2.o(.ARM.Collect$$rtentry$$0000000C)
    __rt_exit                                0x0800017b   Thumb Code     0  rtexit.o(.ARM.Collect$$rtexit$$00000000)
    __rt_exit_ls                             0x0800017d   Thumb Code     0  rtexit2.o(.ARM.Collect$$rtexit$$00000003)
    __rt_exit_prels_1                        0x0800017d   Thumb Code     0  rtexit2.o(.ARM.Collect$$rtexit$$00000002)
    __rt_exit_exit                           0x08000181   Thumb Code     0  rtexit2.o(.ARM.Collect$$rtexit$$00000004)
    Reset_Handler                            0x08000189   Thumb Code     8  startup_stm32f10x_md.o(.text)
    ADC1_2_IRQHandler                        0x080001a3   Thumb Code     0  startup_stm32f10x_md.o(.text)
    CAN1_RX1_IRQHandler                      0x080001a3   Thumb Code     0  startup_stm32f10x_md.o(.text)
    CAN1_SCE_IRQHandler                      0x080001a3   Thumb Code     0  startup_stm32f10x_md.o(.text)
    DMA1_Channel1_IRQHandler                 0x080001a3   Thumb Code     0  startup_stm32f10x_md.o(.text)
    DMA1_Channel2_IRQHandler                 0x080001a3   Thumb Code     0  startup_stm32f10x_md.o(.text)
    DMA1_Channel3_IRQHandler                 0x080001a3   Thumb Code     0  startup_stm32f10x_md.o(.text)
    DMA1_Channel4_IRQHandler                 0x080001a3   Thumb Code     0  startup_stm32f10x_md.o(.text)
    DMA1_Channel5_IRQHandler                 0x080001a3   Thumb Code     0  startup_stm32f10x_md.o(.text)
    DMA1_Channel6_IRQHandler                 0x080001a3   Thumb Code     0  startup_stm32f10x_md.o(.text)
    DMA1_Channel7_IRQHandler                 0x080001a3   Thumb Code     0  startup_stm32f10x_md.o(.text)
    EXTI0_IRQHandler                         0x080001a3   Thumb Code     0  startup_stm32f10x_md.o(.text)
    EXTI1_IRQHandler                         0x080001a3   Thumb Code     0  startup_stm32f10x_md.o(.text)
    EXTI2_IRQHandler                         0x080001a3   Thumb Code     0  startup_stm32f10x_md.o(.text)
    EXTI3_IRQHandler                         0x080001a3   Thumb Code     0  startup_stm32f10x_md.o(.text)
    EXTI4_IRQHandler                         0x080001a3   Thumb Code     0  startup_stm32f10x_md.o(.text)
    EXTI9_5_IRQHandler                       0x080001a3   Thumb Code     0  startup_stm32f10x_md.o(.text)
    FLASH_IRQHandler                         0x080001a3   Thumb Code     0  startup_stm32f10x_md.o(.text)
    I2C1_ER_IRQHandler                       0x080001a3   Thumb Code     0  startup_stm32f10x_md.o(.text)
    I2C1_EV_IRQHandler                       0x080001a3   Thumb Code     0  startup_stm32f10x_md.o(.text)
    I2C2_ER_IRQHandler                       0x080001a3   Thumb Code     0  startup_stm32f10x_md.o(.text)
    I2C2_EV_IRQHandler                       0x080001a3   Thumb Code     0  startup_stm32f10x_md.o(.text)
    PVD_IRQHandler                           0x080001a3   Thumb Code     0  startup_stm32f10x_md.o(.text)
    RCC_IRQHandler                           0x080001a3   Thumb Code     0  startup_stm32f10x_md.o(.text)
    RTCAlarm_IRQHandler                      0x080001a3   Thumb Code     0  startup_stm32f10x_md.o(.text)
    RTC_IRQHandler                           0x080001a3   Thumb Code     0  startup_stm32f10x_md.o(.text)
    SPI1_IRQHandler                          0x080001a3   Thumb Code     0  startup_stm32f10x_md.o(.text)
    SPI2_IRQHandler                          0x080001a3   Thumb Code     0  startup_stm32f10x_md.o(.text)
    TAMPER_IRQHandler                        0x080001a3   Thumb Code     0  startup_stm32f10x_md.o(.text)
    TIM1_BRK_IRQHandler                      0x080001a3   Thumb Code     0  startup_stm32f10x_md.o(.text)
    TIM1_CC_IRQHandler                       0x080001a3   Thumb Code     0  startup_stm32f10x_md.o(.text)
    TIM1_TRG_COM_IRQHandler                  0x080001a3   Thumb Code     0  startup_stm32f10x_md.o(.text)
    TIM1_UP_IRQHandler                       0x080001a3   Thumb Code     0  startup_stm32f10x_md.o(.text)
    TIM3_IRQHandler                          0x080001a3   Thumb Code     0  startup_stm32f10x_md.o(.text)
    USART1_IRQHandler                        0x080001a3   Thumb Code     0  startup_stm32f10x_md.o(.text)
    USART2_IRQHandler                        0x080001a3   Thumb Code     0  startup_stm32f10x_md.o(.text)
    USART3_IRQHandler                        0x080001a3   Thumb Code     0  startup_stm32f10x_md.o(.text)
    USBWakeUp_IRQHandler                     0x080001a3   Thumb Code     0  startup_stm32f10x_md.o(.text)
    USB_HP_CAN1_TX_IRQHandler                0x080001a3   Thumb Code     0  startup_stm32f10x_md.o(.text)
    USB_LP_CAN1_RX0_IRQHandler               0x080001a3   Thumb Code     0  startup_stm32f10x_md.o(.text)
    WWDG_IRQHandler                          0x080001a3   Thumb Code     0  startup_stm32f10x_md.o(.text)
    __user_initial_stackheap                 0x080001a5   Thumb Code     0  startup_stm32f10x_md.o(.text)
    __aeabi_ldivmod                          0x080001c9   Thumb Code     0  llsdiv.o(.text)
    _ll_sdiv                                 0x080001c9   Thumb Code    72  llsdiv.o(.text)
    memcmp                                   0x08000211   Thumb Code    88  memcmp.o(.text)
    __aeabi_memset                           0x08000269   Thumb Code    16  aeabi_memset.o(.text)
    __use_two_region_memory                  0x08000279   Thumb Code     2  heapauxi.o(.text)
    __rt_heap_escrow$2region                 0x0800027b   Thumb Code     2  heapauxi.o(.text)
    __rt_heap_expand$2region                 0x0800027d   Thumb Code     2  heapauxi.o(.text)
    __aeabi_uldivmod                         0x0800027f   Thumb Code     0  lludivv7m.o(.text)
    _ll_udiv                                 0x0800027f   Thumb Code   238  lludivv7m.o(.text)
    __read_errno                             0x0800036d   Thumb Code    10  _rserrno.o(.text)
    __set_errno                              0x08000377   Thumb Code    12  _rserrno.o(.text)
    __aeabi_memclr                           0x08000383   Thumb Code     0  rt_memclr.o(.text)
    __rt_memclr                              0x08000383   Thumb Code    68  rt_memclr.o(.text)
    _memset                                  0x08000387   Thumb Code     0  rt_memclr.o(.text)
    __aeabi_errno_addr                       0x080003c9   Thumb Code     8  rt_errno_addr_intlibspace.o(.text)
    __errno$intlibspace                      0x080003c9   Thumb Code     0  rt_errno_addr_intlibspace.o(.text)
    __rt_errno_addr$intlibspace              0x080003c9   Thumb Code     0  rt_errno_addr_intlibspace.o(.text)
    __aeabi_memclr4                          0x080003d1   Thumb Code     0  rt_memclr_w.o(.text)
    __aeabi_memclr8                          0x080003d1   Thumb Code     0  rt_memclr_w.o(.text)
    __rt_memclr_w                            0x080003d1   Thumb Code    78  rt_memclr_w.o(.text)
    _memset_w                                0x080003d5   Thumb Code     0  rt_memclr_w.o(.text)
    __user_libspace                          0x08000421   Thumb Code     8  libspace.o(.text)
    __user_perproc_libspace                  0x08000421   Thumb Code     0  libspace.o(.text)
    __user_perthread_libspace                0x08000421   Thumb Code     0  libspace.o(.text)
    __user_setup_stackheap                   0x08000429   Thumb Code    74  sys_stackheap_outer.o(.text)
    exit                                     0x08000473   Thumb Code    18  exit.o(.text)
    _sys_exit                                0x08000485   Thumb Code     8  sys_exit.o(.text)
    __I$use$semihosting                      0x08000491   Thumb Code     0  use_no_semi.o(.text)
    __use_no_semihosting_swi                 0x08000491   Thumb Code     2  use_no_semi.o(.text)
    __semihosting_library_function           0x08000493   Thumb Code     0  indicate_semi.o(.text)
    Balance_Loop                             0x08000495   Thumb Code    94  control.o(i.Balance_Loop)
    BusFault_Handler                         0x08000501   Thumb Code     4  stm32f10x_it.o(i.BusFault_Handler)
    Control_GetGyroX_by_DMP                  0x08000505   Thumb Code     8  control.o(i.Control_GetGyroX_by_DMP)
    Control_GetPWM_Left                      0x08000511   Thumb Code     6  control.o(i.Control_GetPWM_Left)
    Control_GetPWM_Right                     0x0800051d   Thumb Code     6  control.o(i.Control_GetPWM_Right)
    Control_GetPitch_by_DMP                  0x08000529   Thumb Code     6  control.o(i.Control_GetPitch_by_DMP)
    Control_GetVelocity_LeftWheel_by_Encounter 0x08000535   Thumb Code     6  control.o(i.Control_GetVelocity_LeftWheel_by_Encounter)
    Control_GetVelocity_RightWheel_by_Encounter 0x08000541   Thumb Code     6  control.o(i.Control_GetVelocity_RightWheel_by_Encounter)
    DebugMon_Handler                         0x0800054d   Thumb Code     2  stm32f10x_it.o(i.DebugMon_Handler)
    Delay_ms                                 0x0800054f   Thumb Code    24  delay.o(i.Delay_ms)
    Delay_us                                 0x08000567   Thumb Code    46  delay.o(i.Delay_us)
    EXTI15_10_IRQHandler                     0x08000595   Thumb Code   186  control.o(i.EXTI15_10_IRQHandler)
    EXTI_GetITStatus                         0x08000695   Thumb Code    34  stm32f10x_exti.o(i.EXTI_GetITStatus)
    EXTI_Init                                0x080006bd   Thumb Code   142  stm32f10x_exti.o(i.EXTI_Init)
    EXTI_for_MPU6050_INT_Init                0x08000751   Thumb Code   122  exti.o(i.EXTI_for_MPU6050_INT_Init)
    EnCounter_Left_Get                       0x080007d1   Thumb Code    24  encounter.o(i.EnCounter_Left_Get)
    EnCounter_Right_Get                      0x080007f1   Thumb Code    28  encounter.o(i.EnCounter_Right_Get)
    Encounter_Left_Init                      0x08000811   Thumb Code   150  encounter.o(i.Encounter_Left_Init)
    Encounter_Right_Init                     0x080008b1   Thumb Code   152  encounter.o(i.Encounter_Right_Init)
    GPIO_EXTILineConfig                      0x0800094d   Thumb Code    60  stm32f10x_gpio.o(i.GPIO_EXTILineConfig)
    GPIO_Init                                0x0800098d   Thumb Code   278  stm32f10x_gpio.o(i.GPIO_Init)
    GPIO_ReadInputDataBit                    0x08000aa3   Thumb Code    18  stm32f10x_gpio.o(i.GPIO_ReadInputDataBit)
    GPIO_ResetBits                           0x08000ab5   Thumb Code     4  stm32f10x_gpio.o(i.GPIO_ResetBits)
    GPIO_SetBits                             0x08000ab9   Thumb Code     4  stm32f10x_gpio.o(i.GPIO_SetBits)
    GPIO_WriteBit                            0x08000abd   Thumb Code    10  stm32f10x_gpio.o(i.GPIO_WriteBit)
    HardFault_Handler                        0x08000ac7   Thumb Code     4  stm32f10x_it.o(i.HardFault_Handler)
    IIC_Ack                                  0x08000acd   Thumb Code    64  ioi2c.o(i.IIC_Ack)
    IIC_NAck                                 0x08000b19   Thumb Code    62  ioi2c.o(i.IIC_NAck)
    IIC_Read_Byte                            0x08000b65   Thumb Code    98  ioi2c.o(i.IIC_Read_Byte)
    IIC_Send_Byte                            0x08000bd5   Thumb Code    88  ioi2c.o(i.IIC_Send_Byte)
    IIC_Start                                0x08000c39   Thumb Code    92  ioi2c.o(i.IIC_Start)
    IIC_Stop                                 0x08000ca1   Thumb Code    60  ioi2c.o(i.IIC_Stop)
    IIC_Wait_Ack                             0x08000ce9   Thumb Code    92  ioi2c.o(i.IIC_Wait_Ack)
    Key_GetKeyNum                            0x08000d51   Thumb Code    14  key.o(i.Key_GetKeyNum)
    Key_Init                                 0x08000d65   Thumb Code    38  key.o(i.Key_Init)
    Key_Inspect                              0x08000d91   Thumb Code   100  key.o(i.Key_Inspect)
    Key_Num                                  0x08000e01   Thumb Code    20  key.o(i.Key_Num)
    MPU6050_DMP_GetData                      0x08000e19   Thumb Code   578  mpu6050.o(i.MPU6050_DMP_GetData)
    MPU6050_DMP_Init                         0x0800106d   Thumb Code    68  mpu6050.o(i.MPU6050_DMP_Init)
    MPU6050_Init                             0x080010b5   Thumb Code    72  mpu6050.o(i.MPU6050_Init)
    MPU6050_WriteReg_Byte                    0x080010fd   Thumb Code    46  mpu6050.o(i.MPU6050_WriteReg_Byte)
    MemManage_Handler                        0x0800112b   Thumb Code     4  stm32f10x_it.o(i.MemManage_Handler)
    Motor_Init                               0x08001131   Thumb Code    52  motor.o(i.Motor_Init)
    Motor_Left_GetVelocity                   0x08001169   Thumb Code    42  motor.o(i.Motor_Left_GetVelocity)
    Motor_Left_SetSpeed                      0x080011a1   Thumb Code    66  motor.o(i.Motor_Left_SetSpeed)
    Motor_Right_GetVelocity                  0x080011e9   Thumb Code    42  motor.o(i.Motor_Right_GetVelocity)
    Motor_Right_SetSpeed                     0x08001221   Thumb Code    66  motor.o(i.Motor_Right_SetSpeed)
    My_I2C_Init                              0x08001269   Thumb Code    50  my_i2c.o(i.My_I2C_Init)
    My_I2C_R_SDA                             0x080012a1   Thumb Code    24  my_i2c.o(i.My_I2C_R_SDA)
    My_I2C_SendByte                          0x080012bd   Thumb Code    42  my_i2c.o(i.My_I2C_SendByte)
    My_I2C_Slave_ReceiveAsk                  0x080012e7   Thumb Code    32  my_i2c.o(i.My_I2C_Slave_ReceiveAsk)
    My_I2C_Start                             0x08001307   Thumb Code    28  my_i2c.o(i.My_I2C_Start)
    My_I2C_Stop                              0x08001323   Thumb Code    22  my_i2c.o(i.My_I2C_Stop)
    My_I2C_W_SCL                             0x08001339   Thumb Code    24  my_i2c.o(i.My_I2C_W_SCL)
    My_I2C_W_SDA                             0x08001355   Thumb Code    24  my_i2c.o(i.My_I2C_W_SDA)
    NMI_Handler                              0x08001371   Thumb Code     2  stm32f10x_it.o(i.NMI_Handler)
    NVIC_Init                                0x08001375   Thumb Code   100  misc.o(i.NVIC_Init)
    NVIC_PriorityGroupConfig                 0x080013e5   Thumb Code    10  misc.o(i.NVIC_PriorityGroupConfig)
    OLED_Clear                               0x080013f9   Thumb Code    42  oled.o(i.OLED_Clear)
    OLED_I2C_Init                            0x08001425   Thumb Code    72  oled.o(i.OLED_I2C_Init)
    OLED_I2C_SendByte                        0x08001471   Thumb Code    74  oled.o(i.OLED_I2C_SendByte)
    OLED_I2C_Start                           0x080014c1   Thumb Code    44  oled.o(i.OLED_I2C_Start)
    OLED_I2C_Stop                            0x080014f1   Thumb Code    34  oled.o(i.OLED_I2C_Stop)
    OLED_Init                                0x08001519   Thumb Code   174  oled.o(i.OLED_Init)
    OLED_Pow                                 0x080015c7   Thumb Code    20  oled.o(i.OLED_Pow)
    OLED_SetCursor                           0x080015db   Thumb Code    34  oled.o(i.OLED_SetCursor)
    OLED_ShowChar                            0x080015fd   Thumb Code   110  oled.o(i.OLED_ShowChar)
    OLED_ShowSignedNum                       0x08001671   Thumb Code   102  oled.o(i.OLED_ShowSignedNum)
    OLED_ShowString                          0x080016d7   Thumb Code    40  oled.o(i.OLED_ShowString)
    OLED_WriteCommand                        0x080016ff   Thumb Code    32  oled.o(i.OLED_WriteCommand)
    OLED_WriteData                           0x0800171f   Thumb Code    32  oled.o(i.OLED_WriteData)
    PWM_Init                                 0x08001741   Thumb Code   180  pwm.o(i.PWM_Init)
    PWM_Limit                                0x080017fd   Thumb Code    18  pwm.o(i.PWM_Limit)
    PWM_SetCompare1                          0x08001811   Thumb Code     6  pwm.o(i.PWM_SetCompare1)
    PWM_SetCompare4                          0x0800181d   Thumb Code     6  pwm.o(i.PWM_SetCompare4)
    PendSV_Handler                           0x08001829   Thumb Code     2  stm32f10x_it.o(i.PendSV_Handler)
    RCC_APB1PeriphClockCmd                   0x0800182d   Thumb Code    26  stm32f10x_rcc.o(i.RCC_APB1PeriphClockCmd)
    RCC_APB2PeriphClockCmd                   0x0800184d   Thumb Code    26  stm32f10x_rcc.o(i.RCC_APB2PeriphClockCmd)
    SVC_Handler                              0x0800186d   Thumb Code     2  stm32f10x_it.o(i.SVC_Handler)
    SysTick_Handler                          0x08001959   Thumb Code     2  stm32f10x_it.o(i.SysTick_Handler)
    SystemInit                               0x0800195d   Thumb Code    78  system_stm32f10x.o(i.SystemInit)
    TIM2_IRQHandler                          0x08001bfd   Thumb Code    24  encounter.o(i.TIM2_IRQHandler)
    TIM4_IRQHandler                          0x08001c15   Thumb Code    18  encounter.o(i.TIM4_IRQHandler)
    TIM_ARRPreloadConfig                     0x08001c2d   Thumb Code    24  stm32f10x_tim.o(i.TIM_ARRPreloadConfig)
    TIM_Cmd                                  0x08001c45   Thumb Code    24  stm32f10x_tim.o(i.TIM_Cmd)
    TIM_CtrlPWMOutputs                       0x08001c5d   Thumb Code    30  stm32f10x_tim.o(i.TIM_CtrlPWMOutputs)
    TIM_EncoderInterfaceConfig               0x08001c7b   Thumb Code    66  stm32f10x_tim.o(i.TIM_EncoderInterfaceConfig)
    TIM_ICInit                               0x08001cbd   Thumb Code   150  stm32f10x_tim.o(i.TIM_ICInit)
    TIM_ICStructInit                         0x08001d69   Thumb Code    18  stm32f10x_tim.o(i.TIM_ICStructInit)
    TIM_InternalClockConfig                  0x08001d7b   Thumb Code    12  stm32f10x_tim.o(i.TIM_InternalClockConfig)
    TIM_OC1Init                              0x08001d89   Thumb Code   132  stm32f10x_tim.o(i.TIM_OC1Init)
    TIM_OC1PreloadConfig                     0x08001e21   Thumb Code    18  stm32f10x_tim.o(i.TIM_OC1PreloadConfig)
    TIM_OC4Init                              0x08001e35   Thumb Code   114  stm32f10x_tim.o(i.TIM_OC4Init)
    TIM_OC4PreloadConfig                     0x08001eb1   Thumb Code    26  stm32f10x_tim.o(i.TIM_OC4PreloadConfig)
    TIM_OCStructInit                         0x08001ecb   Thumb Code    20  stm32f10x_tim.o(i.TIM_OCStructInit)
    TIM_SetIC1Prescaler                      0x08001edf   Thumb Code    18  stm32f10x_tim.o(i.TIM_SetIC1Prescaler)
    TIM_SetIC2Prescaler                      0x08001ef1   Thumb Code    26  stm32f10x_tim.o(i.TIM_SetIC2Prescaler)
    TIM_SetIC3Prescaler                      0x08001f0b   Thumb Code    18  stm32f10x_tim.o(i.TIM_SetIC3Prescaler)
    TIM_SetIC4Prescaler                      0x08001f1d   Thumb Code    26  stm32f10x_tim.o(i.TIM_SetIC4Prescaler)
    TIM_TimeBaseInit                         0x08001f39   Thumb Code   122  stm32f10x_tim.o(i.TIM_TimeBaseInit)
    TIM_TimeBaseStructInit                   0x08001fdd   Thumb Code    18  stm32f10x_tim.o(i.TIM_TimeBaseStructInit)
    UsageFault_Handler                       0x08001fef   Thumb Code     4  stm32f10x_it.o(i.UsageFault_Handler)
    __ARM_fpclassify                         0x08001ff3   Thumb Code    40  fpclassify.o(i.__ARM_fpclassify)
    __kernel_poly                            0x0800201b   Thumb Code   170  poly.o(i.__kernel_poly)
    __mathlib_dbl_infnan                     0x080020c5   Thumb Code     6  dunder.o(i.__mathlib_dbl_infnan)
    __mathlib_dbl_infnan2                    0x080020cb   Thumb Code     4  dunder.o(i.__mathlib_dbl_infnan2)
    __mathlib_dbl_invalid                    0x080020cf   Thumb Code    12  dunder.o(i.__mathlib_dbl_invalid)
    __mathlib_dbl_underflow                  0x080020dd   Thumb Code    10  dunder.o(i.__mathlib_dbl_underflow)
    asin                                     0x08002195   Thumb Code   572  asin.o(i.asin)
    atan                                     0x08002405   Thumb Code   474  atan.o(i.atan)
    atan2                                    0x08002625   Thumb Code   346  atan2.o(i.atan2)
    dmp_enable_6x_lp_quat                    0x08002809   Thumb Code    60  inv_mpu_dmp_motion_driver.o(i.dmp_enable_6x_lp_quat)
    dmp_enable_feature                       0x08002845   Thumb Code   530  inv_mpu_dmp_motion_driver.o(i.dmp_enable_feature)
    dmp_enable_gyro_cal                      0x08002a61   Thumb Code    62  inv_mpu_dmp_motion_driver.o(i.dmp_enable_gyro_cal)
    dmp_enable_lp_quat                       0x08002ab9   Thumb Code    60  inv_mpu_dmp_motion_driver.o(i.dmp_enable_lp_quat)
    dmp_load_motion_driver_firmware          0x08002af5   Thumb Code    20  inv_mpu_dmp_motion_driver.o(i.dmp_load_motion_driver_firmware)
    dmp_read_fifo                            0x08002b0d   Thumb Code   456  inv_mpu_dmp_motion_driver.o(i.dmp_read_fifo)
    dmp_set_accel_bias                       0x08002cd9   Thumb Code   300  inv_mpu_dmp_motion_driver.o(i.dmp_set_accel_bias)
    dmp_set_fifo_rate                        0x08002e09   Thumb Code    96  inv_mpu_dmp_motion_driver.o(i.dmp_set_fifo_rate)
    dmp_set_gyro_bias                        0x08002e79   Thumb Code   294  inv_mpu_dmp_motion_driver.o(i.dmp_set_gyro_bias)
    dmp_set_orientation                      0x08002fa9   Thumb Code   290  inv_mpu_dmp_motion_driver.o(i.dmp_set_orientation)
    dmp_set_shake_reject_thresh              0x080030e1   Thumb Code    56  inv_mpu_dmp_motion_driver.o(i.dmp_set_shake_reject_thresh)
    dmp_set_shake_reject_time                0x08003119   Thumb Code    38  inv_mpu_dmp_motion_driver.o(i.dmp_set_shake_reject_time)
    dmp_set_shake_reject_timeout             0x0800313f   Thumb Code    38  inv_mpu_dmp_motion_driver.o(i.dmp_set_shake_reject_timeout)
    dmp_set_tap_axes                         0x08003165   Thumb Code    70  inv_mpu_dmp_motion_driver.o(i.dmp_set_tap_axes)
    dmp_set_tap_count                        0x080031ab   Thumb Code    38  inv_mpu_dmp_motion_driver.o(i.dmp_set_tap_count)
    dmp_set_tap_thresh                       0x080031d1   Thumb Code   396  inv_mpu_dmp_motion_driver.o(i.dmp_set_tap_thresh)
    dmp_set_tap_time                         0x08003371   Thumb Code    38  inv_mpu_dmp_motion_driver.o(i.dmp_set_tap_time)
    dmp_set_tap_time_multi                   0x08003397   Thumb Code    38  inv_mpu_dmp_motion_driver.o(i.dmp_set_tap_time_multi)
    i2cRead                                  0x080039f1   Thumb Code   118  ioi2c.o(i.i2cRead)
    i2cWrite                                 0x08003a67   Thumb Code    96  ioi2c.o(i.i2cWrite)
    main                                     0x08003b3d   Thumb Code     8  main.o(i.main)
    mpu_configure_fifo                       0x08003b45   Thumb Code   106  inv_mpu.o(i.mpu_configure_fifo)
    mpu_get_accel_fsr                        0x08003bb5   Thumb Code    72  inv_mpu.o(i.mpu_get_accel_fsr)
    mpu_get_accel_sens                       0x08003c01   Thumb Code    78  inv_mpu.o(i.mpu_get_accel_sens)
    mpu_get_fifo_config                      0x08003c55   Thumb Code    12  inv_mpu.o(i.mpu_get_fifo_config)
    mpu_get_gyro_fsr                         0x08003c65   Thumb Code    64  inv_mpu.o(i.mpu_get_gyro_fsr)
    mpu_get_gyro_sens                        0x08003ca9   Thumb Code    58  inv_mpu.o(i.mpu_get_gyro_sens)
    mpu_get_lpf                              0x08003cf9   Thumb Code    74  inv_mpu.o(i.mpu_get_lpf)
    mpu_get_sample_rate                      0x08003d49   Thumb Code    26  inv_mpu.o(i.mpu_get_sample_rate)
    mpu_init                                 0x08003d69   Thumb Code   396  inv_mpu.o(i.mpu_init)
    mpu_load_firmware                        0x08003ef9   Thumb Code   180  inv_mpu.o(i.mpu_load_firmware)
    mpu_lp_accel_mode                        0x08003fb1   Thumb Code   218  inv_mpu.o(i.mpu_lp_accel_mode)
    mpu_read_fifo_stream                     0x08004091   Thumb Code   186  inv_mpu.o(i.mpu_read_fifo_stream)
    mpu_read_mem                             0x08004151   Thumb Code   122  inv_mpu.o(i.mpu_read_mem)
    mpu_reset_fifo                           0x080041d1   Thumb Code   438  inv_mpu.o(i.mpu_reset_fifo)
    mpu_run_self_test                        0x0800438d   Thumb Code   278  inv_mpu.o(i.mpu_run_self_test)
    mpu_set_accel_fsr                        0x080044a9   Thumb Code   126  inv_mpu.o(i.mpu_set_accel_fsr)
    mpu_set_bypass                           0x0800452d   Thumb Code   328  inv_mpu.o(i.mpu_set_bypass)
    mpu_set_dmp_state                        0x08004679   Thumb Code   138  inv_mpu.o(i.mpu_set_dmp_state)
    mpu_set_gyro_fsr                         0x08004709   Thumb Code   132  inv_mpu.o(i.mpu_set_gyro_fsr)
    mpu_set_int_latched                      0x08004791   Thumb Code   102  inv_mpu.o(i.mpu_set_int_latched)
    mpu_set_lpf                              0x080047fd   Thumb Code   126  inv_mpu.o(i.mpu_set_lpf)
    mpu_set_sample_rate                      0x08004881   Thumb Code   152  inv_mpu.o(i.mpu_set_sample_rate)
    mpu_set_sensors                          0x0800491d   Thumb Code   202  inv_mpu.o(i.mpu_set_sensors)
    mpu_write_mem                            0x080049ed   Thumb Code   122  inv_mpu.o(i.mpu_write_mem)
    myget_ms                                 0x08004a6d   Thumb Code     2  inv_mpu.o(i.myget_ms)
    sqrt                                     0x08004b91   Thumb Code    76  sqrt.o(i.sqrt)
    test_main                                0x08004bdd   Thumb Code   302  main.o(i.test_main)
    __aeabi_d2f                              0x08004d31   Thumb Code     0  d2f.o(x$fpl$d2f)
    _d2f                                     0x08004d31   Thumb Code    98  d2f.o(x$fpl$d2f)
    __aeabi_dadd                             0x08004d95   Thumb Code     0  daddsub_clz.o(x$fpl$dadd)
    _dadd                                    0x08004d95   Thumb Code   332  daddsub_clz.o(x$fpl$dadd)
    __fpl_dcheck_NaN1                        0x08004ee5   Thumb Code    10  dcheck1.o(x$fpl$dcheck1)
    __aeabi_ddiv                             0x08004ef5   Thumb Code     0  ddiv.o(x$fpl$ddiv)
    _ddiv                                    0x08004ef5   Thumb Code   552  ddiv.o(x$fpl$ddiv)
    __aeabi_i2d                              0x080051a5   Thumb Code     0  dflt_clz.o(x$fpl$dflt)
    _dflt                                    0x080051a5   Thumb Code    46  dflt_clz.o(x$fpl$dflt)
    __aeabi_dmul                             0x080051d5   Thumb Code     0  dmul.o(x$fpl$dmul)
    _dmul                                    0x080051d5   Thumb Code   332  dmul.o(x$fpl$dmul)
    __fpl_dnaninf                            0x08005329   Thumb Code   156  dnaninf.o(x$fpl$dnaninf)
    __fpl_dretinf                            0x080053c5   Thumb Code    12  dretinf.o(x$fpl$dretinf)
    __aeabi_drsub                            0x080053d1   Thumb Code     0  daddsub_clz.o(x$fpl$drsb)
    _drsb                                    0x080053d1   Thumb Code    22  daddsub_clz.o(x$fpl$drsb)
    _dsqrt                                   0x080053e9   Thumb Code   456  dsqrt_noumaal.o(x$fpl$dsqrt)
    __aeabi_dsub                             0x080055b5   Thumb Code     0  daddsub_clz.o(x$fpl$dsub)
    _dsub                                    0x080055b5   Thumb Code   464  daddsub_clz.o(x$fpl$dsub)
    __aeabi_f2d                              0x08005789   Thumb Code     0  f2d.o(x$fpl$f2d)
    _f2d                                     0x08005789   Thumb Code    86  f2d.o(x$fpl$f2d)
    __aeabi_fadd                             0x080057e1   Thumb Code     0  faddsub_clz.o(x$fpl$fadd)
    _fadd                                    0x080057e1   Thumb Code   196  faddsub_clz.o(x$fpl$fadd)
    __fpl_fcmp_Inf                           0x080058a5   Thumb Code    24  fcmpi.o(x$fpl$fcmpinf)
    __aeabi_fdiv                             0x080058bd   Thumb Code     0  fdiv.o(x$fpl$fdiv)
    _fdiv                                    0x080058bd   Thumb Code   384  fdiv.o(x$fpl$fdiv)
    __aeabi_cfcmpeq                          0x08005a41   Thumb Code     0  feqf.o(x$fpl$feqf)
    _fcmpeq                                  0x08005a41   Thumb Code   104  feqf.o(x$fpl$feqf)
    __aeabi_f2iz                             0x08005aa9   Thumb Code     0  ffix.o(x$fpl$ffix)
    _ffix                                    0x08005aa9   Thumb Code    54  ffix.o(x$fpl$ffix)
    __aeabi_f2uiz                            0x08005ae1   Thumb Code     0  ffixu.o(x$fpl$ffixu)
    _ffixu                                   0x08005ae1   Thumb Code    62  ffixu.o(x$fpl$ffixu)
    __aeabi_i2f                              0x08005b21   Thumb Code     0  fflt_clz.o(x$fpl$fflt)
    _fflt                                    0x08005b21   Thumb Code    48  fflt_clz.o(x$fpl$fflt)
    __aeabi_ui2f                             0x08005b51   Thumb Code     0  fflt_clz.o(x$fpl$ffltu)
    _ffltu                                   0x08005b51   Thumb Code    38  fflt_clz.o(x$fpl$ffltu)
    __aeabi_cfcmple                          0x08005b79   Thumb Code     0  fleqf.o(x$fpl$fleqf)
    _fcmple                                  0x08005b79   Thumb Code   104  fleqf.o(x$fpl$fleqf)
    __fpl_fcmple_InfNaN                      0x08005bcb   Thumb Code     0  fleqf.o(x$fpl$fleqf)
    __aeabi_fmul                             0x08005be1   Thumb Code     0  fmul.o(x$fpl$fmul)
    _fmul                                    0x08005be1   Thumb Code   258  fmul.o(x$fpl$fmul)
    __fpl_fnaninf                            0x08005ce3   Thumb Code   140  fnaninf.o(x$fpl$fnaninf)
    __fpl_fretinf                            0x08005d6f   Thumb Code    10  fretinf.o(x$fpl$fretinf)
    __aeabi_cfrcmple                         0x08005d79   Thumb Code     0  frleqf.o(x$fpl$frleqf)
    _frcmple                                 0x08005d79   Thumb Code    98  frleqf.o(x$fpl$frleqf)
    __aeabi_frsub                            0x08005ddb   Thumb Code     0  faddsub_clz.o(x$fpl$frsb)
    _frsb                                    0x08005ddb   Thumb Code    20  faddsub_clz.o(x$fpl$frsb)
    __aeabi_fsub                             0x08005df1   Thumb Code     0  faddsub_clz.o(x$fpl$fsub)
    _fsub                                    0x08005df1   Thumb Code   234  faddsub_clz.o(x$fpl$fsub)
    __fpl_return_NaN                         0x08005edb   Thumb Code   100  retnan.o(x$fpl$retnan)
    __ARM_scalbn                             0x08005f3f   Thumb Code    92  scalbn.o(x$fpl$scalbn)
    __fpl_cmpreturn                          0x08005f9b   Thumb Code    48  trapv.o(x$fpl$trapveneer)
    OLED_F8x16                               0x08005fca   Data        1520  oled.o(.constdata)
    __I$use$fp                               0x08005fca   Number         0  usenofp.o(x$fpl$usenofp)
    hw                                       0x080065bc   Data          12  inv_mpu.o(.constdata)
    reg                                      0x080065c8   Data          27  inv_mpu.o(.constdata)
    test                                     0x080065e4   Data          40  inv_mpu.o(.constdata)
    __mathlib_zero                           0x080072f0   Data           8  qnan.o(.constdata)
    Region$$Table$$Base                      0x080072f8   Number         0  anon$$obj.o(Region$$Table)
    Region$$Table$$Limit                     0x08007318   Number         0  anon$$obj.o(Region$$Table)
    keynum                                   0x20000004   Data           1  key.o(.data)
    last_state                               0x20000005   Data           1  key.o(.data)
    now_state                                0x20000006   Data           1  key.o(.data)
    gyro                                     0x20000008   Data           6  mpu6050.o(.data)
    accel                                    0x2000000e   Data           6  mpu6050.o(.data)
    sensors                                  0x20000014   Data           2  mpu6050.o(.data)
    pitch                                    0x20000054   Data           4  control.o(.data)
    roll                                     0x20000058   Data           4  control.o(.data)
    yaw                                      0x2000005c   Data           4  control.o(.data)
    accX                                     0x20000060   Data           2  control.o(.data)
    accY                                     0x20000062   Data           2  control.o(.data)
    accZ                                     0x20000064   Data           2  control.o(.data)
    gyroX                                    0x20000066   Data           2  control.o(.data)
    gyroY                                    0x20000068   Data           2  control.o(.data)
    gyroZ                                    0x2000006a   Data           2  control.o(.data)
    motor_Left_Velocity                      0x2000006c   Data           4  control.o(.data)
    motor_Right_Velocity                     0x20000070   Data           4  control.o(.data)
    Motor_Left_PWM                           0x20000074   Data           4  control.o(.data)
    Motor_Right_PWM                          0x20000078   Data           4  control.o(.data)
    Balance_PWM                              0x2000007c   Data           4  control.o(.data)
    Balance_Kp                               0x20000080   Data           4  control.o(.data)
    Balance_Kd                               0x20000084   Data           4  control.o(.data)
    Velocity_Kp                              0x20000088   Data           4  control.o(.data)
    Velocity_Ki                              0x2000008c   Data           4  control.o(.data)
    Turn_Kp                                  0x20000090   Data           4  control.o(.data)
    Turn_Kd                                  0x20000094   Data           4  control.o(.data)
    __libspace_start                         0x200000ac   Data          96  libspace.o(.bss)
    __temporary_stack_top$libspace           0x2000010c   Data           0  libspace.o(.bss)



==============================================================================

Memory Map of the image

  Image Entry point : 0x080000ed

  Load Region LR_IROM1 (Base: 0x08000000, Size: 0x000073b4, Max: 0x00010000, ABSOLUTE)

    Execution Region ER_IROM1 (Exec base: 0x08000000, Load base: 0x08000000, Size: 0x00007318, Max: 0x00010000, ABSOLUTE)

    Exec Addr    Load Addr    Size         Type   Attr      Idx    E Section Name        Object

    0x08000000   0x08000000   0x000000ec   Data   RO           19    RESET               startup_stm32f10x_md.o
    0x080000ec   0x080000ec   0x00000008   Code   RO         4487  * !!!main             c_w.l(__main.o)
    0x080000f4   0x080000f4   0x00000034   Code   RO         4801    !!!scatter          c_w.l(__scatter.o)
    0x08000128   0x08000128   0x0000001a   Code   RO         4803    !!handler_copy      c_w.l(__scatter_copy.o)
    0x08000142   0x08000142   0x00000002   PAD
    0x08000144   0x08000144   0x0000001c   Code   RO         4805    !!handler_zi        c_w.l(__scatter_zi.o)
    0x08000160   0x08000160   0x00000002   Code   RO         4664    .ARM.Collect$$libinit$$00000000  c_w.l(libinit.o)
    0x08000162   0x08000162   0x00000000   Code   RO         4676    .ARM.Collect$$libinit$$00000002  c_w.l(libinit2.o)
    0x08000162   0x08000162   0x00000000   Code   RO         4678    .ARM.Collect$$libinit$$00000004  c_w.l(libinit2.o)
    0x08000162   0x08000162   0x00000000   Code   RO         4681    .ARM.Collect$$libinit$$0000000A  c_w.l(libinit2.o)
    0x08000162   0x08000162   0x00000000   Code   RO         4683    .ARM.Collect$$libinit$$0000000C  c_w.l(libinit2.o)
    0x08000162   0x08000162   0x00000000   Code   RO         4685    .ARM.Collect$$libinit$$0000000E  c_w.l(libinit2.o)
    0x08000162   0x08000162   0x00000000   Code   RO         4688    .ARM.Collect$$libinit$$00000011  c_w.l(libinit2.o)
    0x08000162   0x08000162   0x00000000   Code   RO         4690    .ARM.Collect$$libinit$$00000013  c_w.l(libinit2.o)
    0x08000162   0x08000162   0x00000000   Code   RO         4692    .ARM.Collect$$libinit$$00000015  c_w.l(libinit2.o)
    0x08000162   0x08000162   0x00000000   Code   RO         4694    .ARM.Collect$$libinit$$00000017  c_w.l(libinit2.o)
    0x08000162   0x08000162   0x00000000   Code   RO         4696    .ARM.Collect$$libinit$$00000019  c_w.l(libinit2.o)
    0x08000162   0x08000162   0x00000000   Code   RO         4698    .ARM.Collect$$libinit$$0000001B  c_w.l(libinit2.o)
    0x08000162   0x08000162   0x00000000   Code   RO         4700    .ARM.Collect$$libinit$$0000001D  c_w.l(libinit2.o)
    0x08000162   0x08000162   0x00000000   Code   RO         4702    .ARM.Collect$$libinit$$0000001F  c_w.l(libinit2.o)
    0x08000162   0x08000162   0x00000000   Code   RO         4704    .ARM.Collect$$libinit$$00000021  c_w.l(libinit2.o)
    0x08000162   0x08000162   0x00000000   Code   RO         4706    .ARM.Collect$$libinit$$00000023  c_w.l(libinit2.o)
    0x08000162   0x08000162   0x00000000   Code   RO         4708    .ARM.Collect$$libinit$$00000025  c_w.l(libinit2.o)
    0x08000162   0x08000162   0x00000000   Code   RO         4712    .ARM.Collect$$libinit$$0000002C  c_w.l(libinit2.o)
    0x08000162   0x08000162   0x00000000   Code   RO         4714    .ARM.Collect$$libinit$$0000002E  c_w.l(libinit2.o)
    0x08000162   0x08000162   0x00000000   Code   RO         4716    .ARM.Collect$$libinit$$00000030  c_w.l(libinit2.o)
    0x08000162   0x08000162   0x00000000   Code   RO         4718    .ARM.Collect$$libinit$$00000032  c_w.l(libinit2.o)
    0x08000162   0x08000162   0x00000002   Code   RO         4719    .ARM.Collect$$libinit$$00000033  c_w.l(libinit2.o)
    0x08000164   0x08000164   0x00000002   Code   RO         4751    .ARM.Collect$$libshutdown$$00000000  c_w.l(libshutdown.o)
    0x08000166   0x08000166   0x00000000   Code   RO         4768    .ARM.Collect$$libshutdown$$00000002  c_w.l(libshutdown2.o)
    0x08000166   0x08000166   0x00000000   Code   RO         4770    .ARM.Collect$$libshutdown$$00000004  c_w.l(libshutdown2.o)
    0x08000166   0x08000166   0x00000000   Code   RO         4773    .ARM.Collect$$libshutdown$$00000007  c_w.l(libshutdown2.o)
    0x08000166   0x08000166   0x00000000   Code   RO         4776    .ARM.Collect$$libshutdown$$0000000A  c_w.l(libshutdown2.o)
    0x08000166   0x08000166   0x00000000   Code   RO         4778    .ARM.Collect$$libshutdown$$0000000C  c_w.l(libshutdown2.o)
    0x08000166   0x08000166   0x00000000   Code   RO         4781    .ARM.Collect$$libshutdown$$0000000F  c_w.l(libshutdown2.o)
    0x08000166   0x08000166   0x00000002   Code   RO         4782    .ARM.Collect$$libshutdown$$00000010  c_w.l(libshutdown2.o)
    0x08000168   0x08000168   0x00000000   Code   RO         4551    .ARM.Collect$$rtentry$$00000000  c_w.l(__rtentry.o)
    0x08000168   0x08000168   0x00000000   Code   RO         4619    .ARM.Collect$$rtentry$$00000002  c_w.l(__rtentry2.o)
    0x08000168   0x08000168   0x00000006   Code   RO         4631    .ARM.Collect$$rtentry$$00000004  c_w.l(__rtentry4.o)
    0x0800016e   0x0800016e   0x00000000   Code   RO         4621    .ARM.Collect$$rtentry$$00000009  c_w.l(__rtentry2.o)
    0x0800016e   0x0800016e   0x00000004   Code   RO         4622    .ARM.Collect$$rtentry$$0000000A  c_w.l(__rtentry2.o)
    0x08000172   0x08000172   0x00000000   Code   RO         4624    .ARM.Collect$$rtentry$$0000000C  c_w.l(__rtentry2.o)
    0x08000172   0x08000172   0x00000008   Code   RO         4625    .ARM.Collect$$rtentry$$0000000D  c_w.l(__rtentry2.o)
    0x0800017a   0x0800017a   0x00000002   Code   RO         4669    .ARM.Collect$$rtexit$$00000000  c_w.l(rtexit.o)
    0x0800017c   0x0800017c   0x00000000   Code   RO         4723    .ARM.Collect$$rtexit$$00000002  c_w.l(rtexit2.o)
    0x0800017c   0x0800017c   0x00000004   Code   RO         4724    .ARM.Collect$$rtexit$$00000003  c_w.l(rtexit2.o)
    0x08000180   0x08000180   0x00000006   Code   RO         4725    .ARM.Collect$$rtexit$$00000004  c_w.l(rtexit2.o)
    0x08000186   0x08000186   0x00000002   PAD
    0x08000188   0x08000188   0x00000040   Code   RO           20    .text               startup_stm32f10x_md.o
    0x080001c8   0x080001c8   0x00000048   Code   RO         4479    .text               c_w.l(llsdiv.o)
    0x08000210   0x08000210   0x00000058   Code   RO         4481    .text               c_w.l(memcmp.o)
    0x08000268   0x08000268   0x00000010   Code   RO         4483    .text               c_w.l(aeabi_memset.o)
    0x08000278   0x08000278   0x00000006   Code   RO         4485    .text               c_w.l(heapauxi.o)
    0x0800027e   0x0800027e   0x000000ee   Code   RO         4552    .text               c_w.l(lludivv7m.o)
    0x0800036c   0x0800036c   0x00000016   Code   RO         4554    .text               c_w.l(_rserrno.o)
    0x08000382   0x08000382   0x00000044   Code   RO         4556    .text               c_w.l(rt_memclr.o)
    0x080003c6   0x080003c6   0x00000002   PAD
    0x080003c8   0x080003c8   0x00000008   Code   RO         4640    .text               c_w.l(rt_errno_addr_intlibspace.o)
    0x080003d0   0x080003d0   0x0000004e   Code   RO         4642    .text               c_w.l(rt_memclr_w.o)
    0x0800041e   0x0800041e   0x00000002   PAD
    0x08000420   0x08000420   0x00000008   Code   RO         4650    .text               c_w.l(libspace.o)
    0x08000428   0x08000428   0x0000004a   Code   RO         4653    .text               c_w.l(sys_stackheap_outer.o)
    0x08000472   0x08000472   0x00000012   Code   RO         4657    .text               c_w.l(exit.o)
    0x08000484   0x08000484   0x0000000c   Code   RO         4739    .text               c_w.l(sys_exit.o)
    0x08000490   0x08000490   0x00000002   Code   RO         4756    .text               c_w.l(use_no_semi.o)
    0x08000492   0x08000492   0x00000000   Code   RO         4758    .text               c_w.l(indicate_semi.o)
    0x08000492   0x08000492   0x00000002   PAD
    0x08000494   0x08000494   0x0000006c   Code   RO         4420    i.Balance_Loop      control.o
    0x08000500   0x08000500   0x00000004   Code   RO         4300    i.BusFault_Handler  stm32f10x_it.o
    0x08000504   0x08000504   0x0000000c   Code   RO         4421    i.Control_GetGyroX_by_DMP  control.o
    0x08000510   0x08000510   0x0000000c   Code   RO         4422    i.Control_GetPWM_Left  control.o
    0x0800051c   0x0800051c   0x0000000c   Code   RO         4423    i.Control_GetPWM_Right  control.o
    0x08000528   0x08000528   0x0000000c   Code   RO         4424    i.Control_GetPitch_by_DMP  control.o
    0x08000534   0x08000534   0x0000000c   Code   RO         4425    i.Control_GetVelocity_LeftWheel_by_Encounter  control.o
    0x08000540   0x08000540   0x0000000c   Code   RO         4426    i.Control_GetVelocity_RightWheel_by_Encounter  control.o
    0x0800054c   0x0800054c   0x00000002   Code   RO         4301    i.DebugMon_Handler  stm32f10x_it.o
    0x0800054e   0x0800054e   0x00000018   Code   RO         3196    i.Delay_ms          delay.o
    0x08000566   0x08000566   0x0000002e   Code   RO         3198    i.Delay_us          delay.o
    0x08000594   0x08000594   0x00000100   Code   RO         4427    i.EXTI15_10_IRQHandler  control.o
    0x08000694   0x08000694   0x00000028   Code   RO          989    i.EXTI_GetITStatus  stm32f10x_exti.o
    0x080006bc   0x080006bc   0x00000094   Code   RO          990    i.EXTI_Init         stm32f10x_exti.o
    0x08000750   0x08000750   0x00000080   Code   RO         3485    i.EXTI_for_MPU6050_INT_Init  exti.o
    0x080007d0   0x080007d0   0x00000020   Code   RO         3400    i.EnCounter_Left_Get  encounter.o
    0x080007f0   0x080007f0   0x00000020   Code   RO         3401    i.EnCounter_Right_Get  encounter.o
    0x08000810   0x08000810   0x000000a0   Code   RO         3402    i.Encounter_Left_Init  encounter.o
    0x080008b0   0x080008b0   0x0000009c   Code   RO         3403    i.Encounter_Right_Init  encounter.o
    0x0800094c   0x0800094c   0x00000040   Code   RO         1344    i.GPIO_EXTILineConfig  stm32f10x_gpio.o
    0x0800098c   0x0800098c   0x00000116   Code   RO         1347    i.GPIO_Init         stm32f10x_gpio.o
    0x08000aa2   0x08000aa2   0x00000012   Code   RO         1351    i.GPIO_ReadInputDataBit  stm32f10x_gpio.o
    0x08000ab4   0x08000ab4   0x00000004   Code   RO         1354    i.GPIO_ResetBits    stm32f10x_gpio.o
    0x08000ab8   0x08000ab8   0x00000004   Code   RO         1355    i.GPIO_SetBits      stm32f10x_gpio.o
    0x08000abc   0x08000abc   0x0000000a   Code   RO         1358    i.GPIO_WriteBit     stm32f10x_gpio.o
    0x08000ac6   0x08000ac6   0x00000004   Code   RO         4302    i.HardFault_Handler  stm32f10x_it.o
    0x08000aca   0x08000aca   0x00000002   PAD
    0x08000acc   0x08000acc   0x0000004c   Code   RO         3290    i.IIC_Ack           ioi2c.o
    0x08000b18   0x08000b18   0x0000004c   Code   RO         3292    i.IIC_NAck          ioi2c.o
    0x08000b64   0x08000b64   0x00000070   Code   RO         3293    i.IIC_Read_Byte     ioi2c.o
    0x08000bd4   0x08000bd4   0x00000064   Code   RO         3294    i.IIC_Send_Byte     ioi2c.o
    0x08000c38   0x08000c38   0x00000068   Code   RO         3295    i.IIC_Start         ioi2c.o
    0x08000ca0   0x08000ca0   0x00000048   Code   RO         3296    i.IIC_Stop          ioi2c.o
    0x08000ce8   0x08000ce8   0x00000068   Code   RO         3297    i.IIC_Wait_Ack      ioi2c.o
    0x08000d50   0x08000d50   0x00000014   Code   RO         3545    i.Key_GetKeyNum     key.o
    0x08000d64   0x08000d64   0x0000002c   Code   RO         3546    i.Key_Init          key.o
    0x08000d90   0x08000d90   0x00000070   Code   RO         3547    i.Key_Inspect       key.o
    0x08000e00   0x08000e00   0x00000018   Code   RO         3548    i.Key_Num           key.o
    0x08000e18   0x08000e18   0x00000254   Code   RO         3692    i.MPU6050_DMP_GetData  mpu6050.o
    0x0800106c   0x0800106c   0x00000048   Code   RO         3693    i.MPU6050_DMP_Init  mpu6050.o
    0x080010b4   0x080010b4   0x00000048   Code   RO         3695    i.MPU6050_Init      mpu6050.o
    0x080010fc   0x080010fc   0x0000002e   Code   RO         3697    i.MPU6050_WriteReg_Byte  mpu6050.o
    0x0800112a   0x0800112a   0x00000004   Code   RO         4303    i.MemManage_Handler  stm32f10x_it.o
    0x0800112e   0x0800112e   0x00000002   PAD
    0x08001130   0x08001130   0x00000038   Code   RO         4257    i.Motor_Init        motor.o
    0x08001168   0x08001168   0x00000038   Code   RO         4258    i.Motor_Left_GetVelocity  motor.o
    0x080011a0   0x080011a0   0x00000048   Code   RO         4259    i.Motor_Left_SetSpeed  motor.o
    0x080011e8   0x080011e8   0x00000038   Code   RO         4260    i.Motor_Right_GetVelocity  motor.o
    0x08001220   0x08001220   0x00000048   Code   RO         4261    i.Motor_Right_SetSpeed  motor.o
    0x08001268   0x08001268   0x00000038   Code   RO         3221    i.My_I2C_Init       my_i2c.o
    0x080012a0   0x080012a0   0x0000001c   Code   RO         3222    i.My_I2C_R_SDA      my_i2c.o
    0x080012bc   0x080012bc   0x0000002a   Code   RO         3224    i.My_I2C_SendByte   my_i2c.o
    0x080012e6   0x080012e6   0x00000020   Code   RO         3225    i.My_I2C_Slave_ReceiveAsk  my_i2c.o
    0x08001306   0x08001306   0x0000001c   Code   RO         3226    i.My_I2C_Start      my_i2c.o
    0x08001322   0x08001322   0x00000016   Code   RO         3227    i.My_I2C_Stop       my_i2c.o
    0x08001338   0x08001338   0x0000001c   Code   RO         3228    i.My_I2C_W_SCL      my_i2c.o
    0x08001354   0x08001354   0x0000001c   Code   RO         3229    i.My_I2C_W_SDA      my_i2c.o
    0x08001370   0x08001370   0x00000002   Code   RO         4304    i.NMI_Handler       stm32f10x_it.o
    0x08001372   0x08001372   0x00000002   PAD
    0x08001374   0x08001374   0x00000070   Code   RO          137    i.NVIC_Init         misc.o
    0x080013e4   0x080013e4   0x00000014   Code   RO          138    i.NVIC_PriorityGroupConfig  misc.o
    0x080013f8   0x080013f8   0x0000002a   Code   RO         3584    i.OLED_Clear        oled.o
    0x08001422   0x08001422   0x00000002   PAD
    0x08001424   0x08001424   0x0000004c   Code   RO         3585    i.OLED_I2C_Init     oled.o
    0x08001470   0x08001470   0x00000050   Code   RO         3586    i.OLED_I2C_SendByte  oled.o
    0x080014c0   0x080014c0   0x00000030   Code   RO         3587    i.OLED_I2C_Start    oled.o
    0x080014f0   0x080014f0   0x00000028   Code   RO         3588    i.OLED_I2C_Stop     oled.o
    0x08001518   0x08001518   0x000000ae   Code   RO         3589    i.OLED_Init         oled.o
    0x080015c6   0x080015c6   0x00000014   Code   RO         3590    i.OLED_Pow          oled.o
    0x080015da   0x080015da   0x00000022   Code   RO         3591    i.OLED_SetCursor    oled.o
    0x080015fc   0x080015fc   0x00000074   Code   RO         3593    i.OLED_ShowChar     oled.o
    0x08001670   0x08001670   0x00000066   Code   RO         3596    i.OLED_ShowSignedNum  oled.o
    0x080016d6   0x080016d6   0x00000028   Code   RO         3597    i.OLED_ShowString   oled.o
    0x080016fe   0x080016fe   0x00000020   Code   RO         3598    i.OLED_WriteCommand  oled.o
    0x0800171e   0x0800171e   0x00000020   Code   RO         3599    i.OLED_WriteData    oled.o
    0x0800173e   0x0800173e   0x00000002   PAD
    0x08001740   0x08001740   0x000000bc   Code   RO         3443    i.PWM_Init          pwm.o
    0x080017fc   0x080017fc   0x00000012   Code   RO         3444    i.PWM_Limit         pwm.o
    0x0800180e   0x0800180e   0x00000002   PAD
    0x08001810   0x08001810   0x0000000c   Code   RO         3445    i.PWM_SetCompare1   pwm.o
    0x0800181c   0x0800181c   0x0000000c   Code   RO         3446    i.PWM_SetCompare4   pwm.o
    0x08001828   0x08001828   0x00000002   Code   RO         4305    i.PendSV_Handler    stm32f10x_it.o
    0x0800182a   0x0800182a   0x00000002   PAD
    0x0800182c   0x0800182c   0x00000020   Code   RO         1775    i.RCC_APB1PeriphClockCmd  stm32f10x_rcc.o
    0x0800184c   0x0800184c   0x00000020   Code   RO         1777    i.RCC_APB2PeriphClockCmd  stm32f10x_rcc.o
    0x0800186c   0x0800186c   0x00000002   Code   RO         4306    i.SVC_Handler       stm32f10x_it.o
    0x0800186e   0x0800186e   0x00000008   Code   RO           24    i.SetSysClock       system_stm32f10x.o
    0x08001876   0x08001876   0x00000002   PAD
    0x08001878   0x08001878   0x000000e0   Code   RO           25    i.SetSysClockTo72   system_stm32f10x.o
    0x08001958   0x08001958   0x00000002   Code   RO         4307    i.SysTick_Handler   stm32f10x_it.o
    0x0800195a   0x0800195a   0x00000002   PAD
    0x0800195c   0x0800195c   0x00000060   Code   RO           27    i.SystemInit        system_stm32f10x.o
    0x080019bc   0x080019bc   0x00000080   Code   RO         2405    i.TI1_Config        stm32f10x_tim.o
    0x08001a3c   0x08001a3c   0x00000098   Code   RO         2406    i.TI2_Config        stm32f10x_tim.o
    0x08001ad4   0x08001ad4   0x00000090   Code   RO         2407    i.TI3_Config        stm32f10x_tim.o
    0x08001b64   0x08001b64   0x00000098   Code   RO         2408    i.TI4_Config        stm32f10x_tim.o
    0x08001bfc   0x08001bfc   0x00000018   Code   RO         3404    i.TIM2_IRQHandler   encounter.o
    0x08001c14   0x08001c14   0x00000018   Code   RO         3405    i.TIM4_IRQHandler   encounter.o
    0x08001c2c   0x08001c2c   0x00000018   Code   RO         2409    i.TIM_ARRPreloadConfig  stm32f10x_tim.o
    0x08001c44   0x08001c44   0x00000018   Code   RO         2421    i.TIM_Cmd           stm32f10x_tim.o
    0x08001c5c   0x08001c5c   0x0000001e   Code   RO         2423    i.TIM_CtrlPWMOutputs  stm32f10x_tim.o
    0x08001c7a   0x08001c7a   0x00000042   Code   RO         2430    i.TIM_EncoderInterfaceConfig  stm32f10x_tim.o
    0x08001cbc   0x08001cbc   0x000000ac   Code   RO         2444    i.TIM_ICInit        stm32f10x_tim.o
    0x08001d68   0x08001d68   0x00000012   Code   RO         2445    i.TIM_ICStructInit  stm32f10x_tim.o
    0x08001d7a   0x08001d7a   0x0000000c   Code   RO         2448    i.TIM_InternalClockConfig  stm32f10x_tim.o
    0x08001d86   0x08001d86   0x00000002   PAD
    0x08001d88   0x08001d88   0x00000098   Code   RO         2450    i.TIM_OC1Init       stm32f10x_tim.o
    0x08001e20   0x08001e20   0x00000012   Code   RO         2453    i.TIM_OC1PreloadConfig  stm32f10x_tim.o
    0x08001e32   0x08001e32   0x00000002   PAD
    0x08001e34   0x08001e34   0x0000007c   Code   RO         2465    i.TIM_OC4Init       stm32f10x_tim.o
    0x08001eb0   0x08001eb0   0x0000001a   Code   RO         2467    i.TIM_OC4PreloadConfig  stm32f10x_tim.o
    0x08001eca   0x08001eca   0x00000014   Code   RO         2468    i.TIM_OCStructInit  stm32f10x_tim.o
    0x08001ede   0x08001ede   0x00000012   Code   RO         2487    i.TIM_SetIC1Prescaler  stm32f10x_tim.o
    0x08001ef0   0x08001ef0   0x0000001a   Code   RO         2488    i.TIM_SetIC2Prescaler  stm32f10x_tim.o
    0x08001f0a   0x08001f0a   0x00000012   Code   RO         2489    i.TIM_SetIC3Prescaler  stm32f10x_tim.o
    0x08001f1c   0x08001f1c   0x0000001a   Code   RO         2490    i.TIM_SetIC4Prescaler  stm32f10x_tim.o
    0x08001f36   0x08001f36   0x00000002   PAD
    0x08001f38   0x08001f38   0x000000a4   Code   RO         2492    i.TIM_TimeBaseInit  stm32f10x_tim.o
    0x08001fdc   0x08001fdc   0x00000012   Code   RO         2493    i.TIM_TimeBaseStructInit  stm32f10x_tim.o
    0x08001fee   0x08001fee   0x00000004   Code   RO         4308    i.UsageFault_Handler  stm32f10x_it.o
    0x08001ff2   0x08001ff2   0x00000028   Code   RO         4605    i.__ARM_fpclassify  m_ws.l(fpclassify.o)
    0x0800201a   0x0800201a   0x000000aa   Code   RO         4607    i.__kernel_poly     m_ws.l(poly.o)
    0x080020c4   0x080020c4   0x00000006   Code   RO         4592    i.__mathlib_dbl_infnan  m_ws.l(dunder.o)
    0x080020ca   0x080020ca   0x00000004   Code   RO         4593    i.__mathlib_dbl_infnan2  m_ws.l(dunder.o)
    0x080020ce   0x080020ce   0x0000000c   Code   RO         4594    i.__mathlib_dbl_invalid  m_ws.l(dunder.o)
    0x080020da   0x080020da   0x00000002   PAD
    0x080020dc   0x080020dc   0x00000010   Code   RO         4597    i.__mathlib_dbl_underflow  m_ws.l(dunder.o)
    0x080020ec   0x080020ec   0x000000a8   Code   RO         3771    i.accel_self_test   inv_mpu.o
    0x08002194   0x08002194   0x00000270   Code   RO         4534    i.asin              m_ws.l(asin.o)
    0x08002404   0x08002404   0x00000220   Code   RO         4582    i.atan              m_ws.l(atan.o)
    0x08002624   0x08002624   0x00000180   Code   RO         4544    i.atan2             m_ws.l(atan2.o)
    0x080027a4   0x080027a4   0x00000064   Code   RO         4072    i.decode_gesture    inv_mpu_dmp_motion_driver.o
    0x08002808   0x08002808   0x0000003c   Code   RO         4073    i.dmp_enable_6x_lp_quat  inv_mpu_dmp_motion_driver.o
    0x08002844   0x08002844   0x0000021c   Code   RO         4074    i.dmp_enable_feature  inv_mpu_dmp_motion_driver.o
    0x08002a60   0x08002a60   0x00000058   Code   RO         4075    i.dmp_enable_gyro_cal  inv_mpu_dmp_motion_driver.o
    0x08002ab8   0x08002ab8   0x0000003c   Code   RO         4076    i.dmp_enable_lp_quat  inv_mpu_dmp_motion_driver.o
    0x08002af4   0x08002af4   0x00000018   Code   RO         4081    i.dmp_load_motion_driver_firmware  inv_mpu_dmp_motion_driver.o
    0x08002b0c   0x08002b0c   0x000001cc   Code   RO         4082    i.dmp_read_fifo     inv_mpu_dmp_motion_driver.o
    0x08002cd8   0x08002cd8   0x00000130   Code   RO         4085    i.dmp_set_accel_bias  inv_mpu_dmp_motion_driver.o
    0x08002e08   0x08002e08   0x00000070   Code   RO         4086    i.dmp_set_fifo_rate  inv_mpu_dmp_motion_driver.o
    0x08002e78   0x08002e78   0x00000130   Code   RO         4087    i.dmp_set_gyro_bias  inv_mpu_dmp_motion_driver.o
    0x08002fa8   0x08002fa8   0x00000138   Code   RO         4089    i.dmp_set_orientation  inv_mpu_dmp_motion_driver.o
    0x080030e0   0x080030e0   0x00000038   Code   RO         4092    i.dmp_set_shake_reject_thresh  inv_mpu_dmp_motion_driver.o
    0x08003118   0x08003118   0x00000026   Code   RO         4093    i.dmp_set_shake_reject_time  inv_mpu_dmp_motion_driver.o
    0x0800313e   0x0800313e   0x00000026   Code   RO         4094    i.dmp_set_shake_reject_timeout  inv_mpu_dmp_motion_driver.o
    0x08003164   0x08003164   0x00000046   Code   RO         4095    i.dmp_set_tap_axes  inv_mpu_dmp_motion_driver.o
    0x080031aa   0x080031aa   0x00000026   Code   RO         4096    i.dmp_set_tap_count  inv_mpu_dmp_motion_driver.o
    0x080031d0   0x080031d0   0x000001a0   Code   RO         4097    i.dmp_set_tap_thresh  inv_mpu_dmp_motion_driver.o
    0x08003370   0x08003370   0x00000026   Code   RO         4098    i.dmp_set_tap_time  inv_mpu_dmp_motion_driver.o
    0x08003396   0x08003396   0x00000026   Code   RO         4099    i.dmp_set_tap_time_multi  inv_mpu_dmp_motion_driver.o
    0x080033bc   0x080033bc   0x000000b4   Code   RO         3772    i.get_accel_prod_shift  inv_mpu.o
    0x08003470   0x08003470   0x00000470   Code   RO         3773    i.get_st_biases     inv_mpu.o
    0x080038e0   0x080038e0   0x00000110   Code   RO         3774    i.gyro_self_test    inv_mpu.o
    0x080039f0   0x080039f0   0x00000076   Code   RO         3304    i.i2cRead           ioi2c.o
    0x08003a66   0x08003a66   0x00000060   Code   RO         3305    i.i2cWrite          ioi2c.o
    0x08003ac6   0x08003ac6   0x00000028   Code   RO         3698    i.inv_orientation_matrix_to_scalar  mpu6050.o
    0x08003aee   0x08003aee   0x0000004e   Code   RO         3699    i.inv_row_2_scale   mpu6050.o
    0x08003b3c   0x08003b3c   0x00000008   Code   RO         4366    i.main              main.o
    0x08003b44   0x08003b44   0x00000070   Code   RO         3775    i.mpu_configure_fifo  inv_mpu.o
    0x08003bb4   0x08003bb4   0x0000004c   Code   RO         3776    i.mpu_get_accel_fsr  inv_mpu.o
    0x08003c00   0x08003c00   0x00000054   Code   RO         3778    i.mpu_get_accel_sens  inv_mpu.o
    0x08003c54   0x08003c54   0x00000010   Code   RO         3783    i.mpu_get_fifo_config  inv_mpu.o
    0x08003c64   0x08003c64   0x00000044   Code   RO         3784    i.mpu_get_gyro_fsr  inv_mpu.o
    0x08003ca8   0x08003ca8   0x00000050   Code   RO         3786    i.mpu_get_gyro_sens  inv_mpu.o
    0x08003cf8   0x08003cf8   0x00000050   Code   RO         3788    i.mpu_get_lpf       inv_mpu.o
    0x08003d48   0x08003d48   0x00000020   Code   RO         3790    i.mpu_get_sample_rate  inv_mpu.o
    0x08003d68   0x08003d68   0x00000190   Code   RO         3792    i.mpu_init          inv_mpu.o
    0x08003ef8   0x08003ef8   0x000000b8   Code   RO         3793    i.mpu_load_firmware  inv_mpu.o
    0x08003fb0   0x08003fb0   0x000000e0   Code   RO         3794    i.mpu_lp_accel_mode  inv_mpu.o
    0x08004090   0x08004090   0x000000c0   Code   RO         3797    i.mpu_read_fifo_stream  inv_mpu.o
    0x08004150   0x08004150   0x00000080   Code   RO         3798    i.mpu_read_mem      inv_mpu.o
    0x080041d0   0x080041d0   0x000001bc   Code   RO         3801    i.mpu_reset_fifo    inv_mpu.o
    0x0800438c   0x0800438c   0x0000011c   Code   RO         3802    i.mpu_run_self_test  inv_mpu.o
    0x080044a8   0x080044a8   0x00000084   Code   RO         3804    i.mpu_set_accel_fsr  inv_mpu.o
    0x0800452c   0x0800452c   0x0000014c   Code   RO         3805    i.mpu_set_bypass    inv_mpu.o
    0x08004678   0x08004678   0x00000090   Code   RO         3807    i.mpu_set_dmp_state  inv_mpu.o
    0x08004708   0x08004708   0x00000088   Code   RO         3808    i.mpu_set_gyro_fsr  inv_mpu.o
    0x08004790   0x08004790   0x0000006c   Code   RO         3809    i.mpu_set_int_latched  inv_mpu.o
    0x080047fc   0x080047fc   0x00000084   Code   RO         3811    i.mpu_set_lpf       inv_mpu.o
    0x08004880   0x08004880   0x0000009c   Code   RO         3812    i.mpu_set_sample_rate  inv_mpu.o
    0x0800491c   0x0800491c   0x000000d0   Code   RO         3813    i.mpu_set_sensors   inv_mpu.o
    0x080049ec   0x080049ec   0x00000080   Code   RO         3814    i.mpu_write_mem     inv_mpu.o
    0x08004a6c   0x08004a6c   0x00000002   Code   RO         3815    i.myget_ms          inv_mpu.o
    0x08004a6e   0x08004a6e   0x00000090   Code   RO         3700    i.run_self_test     mpu6050.o
    0x08004afe   0x08004afe   0x00000002   PAD
    0x08004b00   0x08004b00   0x00000090   Code   RO         3816    i.set_int_enable    inv_mpu.o
    0x08004b90   0x08004b90   0x0000004c   Code   RO         4611    i.sqrt              m_ws.l(sqrt.o)
    0x08004bdc   0x08004bdc   0x00000154   Code   RO         4367    i.test_main         main.o
    0x08004d30   0x08004d30   0x00000062   Code   RO         4489    x$fpl$d2f           fz_ws.l(d2f.o)
    0x08004d92   0x08004d92   0x00000002   PAD
    0x08004d94   0x08004d94   0x00000150   Code   RO         4558    x$fpl$dadd          fz_ws.l(daddsub_clz.o)
    0x08004ee4   0x08004ee4   0x00000010   Code   RO         4644    x$fpl$dcheck1       fz_ws.l(dcheck1.o)
    0x08004ef4   0x08004ef4   0x000002b0   Code   RO         4565    x$fpl$ddiv          fz_ws.l(ddiv.o)
    0x080051a4   0x080051a4   0x0000002e   Code   RO         4492    x$fpl$dflt          fz_ws.l(dflt_clz.o)
    0x080051d2   0x080051d2   0x00000002   PAD
    0x080051d4   0x080051d4   0x00000154   Code   RO         4497    x$fpl$dmul          fz_ws.l(dmul.o)
    0x08005328   0x08005328   0x0000009c   Code   RO         4568    x$fpl$dnaninf       fz_ws.l(dnaninf.o)
    0x080053c4   0x080053c4   0x0000000c   Code   RO         4570    x$fpl$dretinf       fz_ws.l(dretinf.o)
    0x080053d0   0x080053d0   0x00000016   Code   RO         4559    x$fpl$drsb          fz_ws.l(daddsub_clz.o)
    0x080053e6   0x080053e6   0x00000002   PAD
    0x080053e8   0x080053e8   0x000001cc   Code   RO         4648    x$fpl$dsqrt         fz_ws.l(dsqrt_noumaal.o)
    0x080055b4   0x080055b4   0x000001d4   Code   RO         4560    x$fpl$dsub          fz_ws.l(daddsub_clz.o)
    0x08005788   0x08005788   0x00000056   Code   RO         4499    x$fpl$f2d           fz_ws.l(f2d.o)
    0x080057de   0x080057de   0x00000002   PAD
    0x080057e0   0x080057e0   0x000000c4   Code   RO         4501    x$fpl$fadd          fz_ws.l(faddsub_clz.o)
    0x080058a4   0x080058a4   0x00000018   Code   RO         4572    x$fpl$fcmpinf       fz_ws.l(fcmpi.o)
    0x080058bc   0x080058bc   0x00000184   Code   RO         4508    x$fpl$fdiv          fz_ws.l(fdiv.o)
    0x08005a40   0x08005a40   0x00000068   Code   RO         4511    x$fpl$feqf          fz_ws.l(feqf.o)
    0x08005aa8   0x08005aa8   0x00000036   Code   RO         4513    x$fpl$ffix          fz_ws.l(ffix.o)
    0x08005ade   0x08005ade   0x00000002   PAD
    0x08005ae0   0x08005ae0   0x0000003e   Code   RO         4517    x$fpl$ffixu         fz_ws.l(ffixu.o)
    0x08005b1e   0x08005b1e   0x00000002   PAD
    0x08005b20   0x08005b20   0x00000030   Code   RO         4522    x$fpl$fflt          fz_ws.l(fflt_clz.o)
    0x08005b50   0x08005b50   0x00000026   Code   RO         4521    x$fpl$ffltu         fz_ws.l(fflt_clz.o)
    0x08005b76   0x08005b76   0x00000002   PAD
    0x08005b78   0x08005b78   0x00000068   Code   RO         4527    x$fpl$fleqf         fz_ws.l(fleqf.o)
    0x08005be0   0x08005be0   0x00000102   Code   RO         4529    x$fpl$fmul          fz_ws.l(fmul.o)
    0x08005ce2   0x08005ce2   0x0000008c   Code   RO         4574    x$fpl$fnaninf       fz_ws.l(fnaninf.o)
    0x08005d6e   0x08005d6e   0x0000000a   Code   RO         4576    x$fpl$fretinf       fz_ws.l(fretinf.o)
    0x08005d78   0x08005d78   0x00000062   Code   RO         4531    x$fpl$frleqf        fz_ws.l(frleqf.o)
    0x08005dda   0x08005dda   0x00000014   Code   RO         4502    x$fpl$frsb          fz_ws.l(faddsub_clz.o)
    0x08005dee   0x08005dee   0x00000002   PAD
    0x08005df0   0x08005df0   0x000000ea   Code   RO         4503    x$fpl$fsub          fz_ws.l(faddsub_clz.o)
    0x08005eda   0x08005eda   0x00000064   Code   RO         4667    x$fpl$retnan        fz_ws.l(retnan.o)
    0x08005f3e   0x08005f3e   0x0000005c   Code   RO         4578    x$fpl$scalbn        fz_ws.l(scalbn.o)
    0x08005f9a   0x08005f9a   0x00000030   Code   RO         4720    x$fpl$trapveneer    fz_ws.l(trapv.o)
    0x08005fca   0x08005fca   0x00000000   Code   RO         4580    x$fpl$usenofp       fz_ws.l(usenofp.o)
    0x08005fca   0x08005fca   0x000005f0   Data   RO         3600    .constdata          oled.o
    0x080065ba   0x080065ba   0x00000002   PAD
    0x080065bc   0x080065bc   0x00000050   Data   RO         3817    .constdata          inv_mpu.o
    0x0800660c   0x0800660c   0x00000bf6   Data   RO         4101    .constdata          inv_mpu_dmp_motion_driver.o
    0x08007202   0x08007202   0x00000006   PAD
    0x08007208   0x08007208   0x00000050   Data   RO         4535    .constdata          m_ws.l(asin.o)
    0x08007258   0x08007258   0x00000098   Data   RO         4583    .constdata          m_ws.l(atan.o)
    0x080072f0   0x080072f0   0x00000008   Data   RO         4609    .constdata          m_ws.l(qnan.o)
    0x080072f8   0x080072f8   0x00000020   Data   RO         4799    Region$$Table       anon$$obj.o


    Execution Region RW_IRAM1 (Exec base: 0x20000000, Load base: 0x08007318, Size: 0x00000710, Max: 0x00005000, ABSOLUTE)

    Exec Addr    Load Addr    Size         Type   Attr      Idx    E Section Name        Object

    0x20000000   0x08007318   0x00000004   Data   RW         3406    .data               encounter.o
    0x20000004   0x0800731c   0x00000003   Data   RW         3549    .data               key.o
    0x20000007   0x0800731f   0x00000001   PAD
    0x20000008   0x08007320   0x00000017   Data   RW         3701    .data               mpu6050.o
    0x2000001f   0x08007337   0x00000001   PAD
    0x20000020   0x08007338   0x0000002c   Data   RW         3818    .data               inv_mpu.o
    0x2000004c   0x08007364   0x00000008   Data   RW         4262    .data               motor.o
    0x20000054   0x0800736c   0x00000048   Data   RW         4428    .data               control.o
    0x2000009c        -       0x00000010   Zero   RW         4100    .bss                inv_mpu_dmp_motion_driver.o
    0x200000ac        -       0x00000060   Zero   RW         4651    .bss                c_w.l(libspace.o)
    0x2000010c   0x080073b4   0x00000004   PAD
    0x20000110        -       0x00000200   Zero   RW           18    HEAP                startup_stm32f10x_md.o
    0x20000310        -       0x00000400   Zero   RW           17    STACK               startup_stm32f10x_md.o


==============================================================================

Image component sizes


      Code (inc. data)   RO Data    RW Data    ZI Data      Debug   Object Name

       436        118          0         72          0       5094   control.o
         0          0          0          0          0       4556   core_cm3.o
        70          0          0          0          0        970   delay.o
       428         32          0          4          0       3208   encounter.o
       128          6          0          0          0        628   exti.o
      5782        204         80         44          0      26638   inv_mpu.o
      3096        122       3062          0         16      20294   inv_mpu_dmp_motion_driver.o
       858         88          0          0          0       5668   ioi2c.o
       200         28          0          3          0       2297   key.o
       348         38          0          0          0       1003   main.o
       132         22          0          0          0     207031   misc.o
       312         44          0          8          0       2653   motor.o
      1048         22          0         23          0       5637   mpu6050.o
       264         18          0          0          0       4004   my_i2c.o
       836         26       1520          0          0       7923   oled.o
       230         20          0          0          0       2119   pwm.o
        64         26        236          0       1536        808   startup_stm32f10x_md.o
         0          0          0          0          0       1680   stm32f10x_adc.o
       188         12          0          0          0       3691   stm32f10x_exti.o
       378          4          0          0          0      13086   stm32f10x_gpio.o
        26          0          0          0          0       3926   stm32f10x_it.o
        64         12          0          0          0       1114   stm32f10x_rcc.o
      1532        180          0          0          0      34326   stm32f10x_tim.o
       328         28          0          0          0      30609   system_stm32f10x.o

    ----------------------------------------------------------------------
     16774       1050       4938        156       1552     388963   Object Totals
         0          0         32          0          0          0   (incl. Generated)
        26          0          8          2          0          0   (incl. Padding)

    ----------------------------------------------------------------------

      Code (inc. data)   RO Data    RW Data    ZI Data      Debug   Library Member Name

         8          0          0          0          0         68   __main.o
         0          0          0          0          0          0   __rtentry.o
        12          0          0          0          0          0   __rtentry2.o
         6          0          0          0          0          0   __rtentry4.o
        52          8          0          0          0          0   __scatter.o
        26          0          0          0          0          0   __scatter_copy.o
        28          0          0          0          0          0   __scatter_zi.o
        22          0          0          0          0        100   _rserrno.o
        16          0          0          0          0         68   aeabi_memset.o
        18          0          0          0          0         80   exit.o
         6          0          0          0          0        152   heapauxi.o
         0          0          0          0          0          0   indicate_semi.o
         2          0          0          0          0          0   libinit.o
         2          0          0          0          0          0   libinit2.o
         2          0          0          0          0          0   libshutdown.o
         2          0          0          0          0          0   libshutdown2.o
         8          4          0          0         96         68   libspace.o
        72          0          0          0          0         76   llsdiv.o
       238          0          0          0          0        100   lludivv7m.o
        88          0          0          0          0         76   memcmp.o
         8          4          0          0          0         68   rt_errno_addr_intlibspace.o
        68          0          0          0          0         68   rt_memclr.o
        78          0          0          0          0         80   rt_memclr_w.o
         2          0          0          0          0          0   rtexit.o
        10          0          0          0          0          0   rtexit2.o
        12          4          0          0          0         68   sys_exit.o
        74          0          0          0          0         80   sys_stackheap_outer.o
         2          0          0          0          0         68   use_no_semi.o
        98          4          0          0          0         92   d2f.o
       826         16          0          0          0        348   daddsub_clz.o
        16          4          0          0          0         68   dcheck1.o
       688        140          0          0          0        208   ddiv.o
        46          0          0          0          0         68   dflt_clz.o
       340         12          0          0          0        104   dmul.o
       156          4          0          0          0         92   dnaninf.o
        12          0          0          0          0         68   dretinf.o
       460         56          0          0          0        120   dsqrt_noumaal.o
        86          4          0          0          0         84   f2d.o
       450          8          0          0          0        236   faddsub_clz.o
        24          0          0          0          0         68   fcmpi.o
       388         76          0          0          0         96   fdiv.o
       104          4          0          0          0         84   feqf.o
        54          4          0          0          0         84   ffix.o
        62          4          0          0          0         84   ffixu.o
        86          0          0          0          0        136   fflt_clz.o
       104          4          0          0          0         84   fleqf.o
       258          4          0          0          0         84   fmul.o
       140          4          0          0          0         84   fnaninf.o
        10          0          0          0          0         68   fretinf.o
        98          0          0          0          0         68   frleqf.o
       100          0          0          0          0         68   retnan.o
        92          0          0          0          0         68   scalbn.o
        48          0          0          0          0         68   trapv.o
         0          0          0          0          0          0   usenofp.o
       624         52         80          0          0        168   asin.o
       544         70        152          0          0        124   atan.o
       384         38          0          0          0        144   atan2.o
        38          6          0          0          0        272   dunder.o
        40          0          0          0          0         68   fpclassify.o
       170          0          0          0          0         96   poly.o
         0          0          8          0          0          0   qnan.o
        76          0          0          0          0         84   sqrt.o

    ----------------------------------------------------------------------
      7512        534        240          0        100       4808   Library Totals
        28          0          0          0          4          0   (incl. Padding)

    ----------------------------------------------------------------------

      Code (inc. data)   RO Data    RW Data    ZI Data      Debug   Library Name

       862         20          0          0         96       1220   c_w.l
      4746        348          0          0          0       2632   fz_ws.l
      1876        166        240          0          0        956   m_ws.l

    ----------------------------------------------------------------------
      7512        534        240          0        100       4808   Library Totals

    ----------------------------------------------------------------------

==============================================================================


      Code (inc. data)   RO Data    RW Data    ZI Data      Debug   

     24286       1584       5178        156       1652     382847   Grand Totals
     24286       1584       5178        156       1652     382847   ELF Image Totals
     24286       1584       5178        156          0          0   ROM Totals

==============================================================================

    Total RO  Size (Code + RO Data)                29464 (  28.77kB)
    Total RW  Size (RW Data + ZI Data)              1808 (   1.77kB)
    Total ROM Size (Code + RO Data + RW Data)      29620 (  28.93kB)

==============================================================================

